Component: ARM Compiler 5.06 update 4 (build 422) Tool: armlink [4d35d2]

==============================================================================

Section Cross References

    stm32f10x_it.o(i.SysTick_Handler) refers to stm32f10x_it.o(.data) for .data
    main.o(i.Anchor_Array_Init) refers to main.o(.bss) for .bss
    main.o(i.Semaphore_Init) refers to main.o(.data) for .data
    main.o(i.Sum_Tag_Semaphore_request) refers to main.o(.data) for .data
    main.o(i.Tag_Measure_Dis) refers to deca_device.o(i.dwt_setrxaftertxdelay) for dwt_setrxaftertxdelay
    main.o(i.Tag_Measure_Dis) refers to deca_device.o(i.dwt_setrxtimeout) for dwt_setrxtimeout
    main.o(i.Tag_Measure_Dis) refers to deca_device.o(i.dwt_writetxdata) for dwt_writetxdata
    main.o(i.Tag_Measure_Dis) refers to deca_device.o(i.dwt_writetxfctrl) for dwt_writetxfctrl
    main.o(i.Tag_Measure_Dis) refers to deca_device.o(i.dwt_starttx) for dwt_starttx
    main.o(i.Tag_Measure_Dis) refers to deca_device.o(i.dwt_rxenable) for dwt_rxenable
    main.o(i.Tag_Measure_Dis) refers to deca_device.o(i.dwt_read32bitoffsetreg) for dwt_read32bitoffsetreg
    main.o(i.Tag_Measure_Dis) refers to stm32f10x_gpio.o(i.GPIO_SetBits) for GPIO_SetBits
    main.o(i.Tag_Measure_Dis) refers to deca_device.o(i.dwt_write32bitoffsetreg) for dwt_write32bitoffsetreg
    main.o(i.Tag_Measure_Dis) refers to deca_device.o(i.dwt_readrxdata) for dwt_readrxdata
    main.o(i.Tag_Measure_Dis) refers to memcmp.o(.text) for memcmp
    main.o(i.Tag_Measure_Dis) refers to deca_device.o(i.dwt_readtxtimestamp) for dwt_readtxtimestamp
    main.o(i.Tag_Measure_Dis) refers to deca_device.o(i.dwt_readrxtimestamp) for dwt_readrxtimestamp
    main.o(i.Tag_Measure_Dis) refers to deca_device.o(i.dwt_setdelayedtrxtime) for dwt_setdelayedtrxtime
    main.o(i.Tag_Measure_Dis) refers to main.o(i.final_msg_set_ts) for final_msg_set_ts
    main.o(i.Tag_Measure_Dis) refers to main.o(i.distance_mange) for distance_mange
    main.o(i.Tag_Measure_Dis) refers to main.o(.data) for .data
    main.o(i.Tag_Measure_Dis) refers to main.o(.bss) for .bss
    main.o(i.compute_angle_send_to_anthor0) refers to fflti.o(.text) for __aeabi_i2f
    main.o(i.compute_angle_send_to_anthor0) refers to fdiv.o(.text) for __aeabi_fdiv
    main.o(i.compute_angle_send_to_anthor0) refers to fadd.o(.text) for __aeabi_fadd
    main.o(i.compute_angle_send_to_anthor0) refers to cfcmple.o(.text) for __aeabi_cfcmple
    main.o(i.compute_angle_send_to_anthor0) refers to fscalb.o(.text) for __ARM_scalbnf
    main.o(i.compute_angle_send_to_anthor0) refers to fmul.o(.text) for __aeabi_fmul
    main.o(i.compute_angle_send_to_anthor0) refers to f2d.o(.text) for __aeabi_f2d
    main.o(i.compute_angle_send_to_anthor0) refers to acos.o(i.acos) for acos
    main.o(i.compute_angle_send_to_anthor0) refers to dmul.o(.text) for __aeabi_dmul
    main.o(i.compute_angle_send_to_anthor0) refers to ddiv.o(.text) for __aeabi_ddiv
    main.o(i.compute_angle_send_to_anthor0) refers to d2f.o(.text) for __aeabi_d2f
    main.o(i.compute_angle_send_to_anthor0) refers to printfa.o(i.__0printf) for __2printf
    main.o(i.compute_angle_send_to_anthor0) refers to printfa.o(i.__0sprintf) for __2sprintf
    main.o(i.compute_angle_send_to_anthor0) refers to lcd_oled.o(i.OLED_ShowString) for OLED_ShowString
    main.o(i.compute_angle_send_to_anthor0) refers to deca_device.o(i.dwt_writetxdata) for dwt_writetxdata
    main.o(i.compute_angle_send_to_anthor0) refers to deca_device.o(i.dwt_writetxfctrl) for dwt_writetxfctrl
    main.o(i.compute_angle_send_to_anthor0) refers to deca_device.o(i.dwt_starttx) for dwt_starttx
    main.o(i.compute_angle_send_to_anthor0) refers to deca_device.o(i.dwt_read32bitoffsetreg) for dwt_read32bitoffsetreg
    main.o(i.compute_angle_send_to_anthor0) refers to main.o(.bss) for .bss
    main.o(i.compute_angle_send_to_anthor0) refers to main.o(.data) for .data
    main.o(i.distance_mange) refers to main.o(i.filter) for filter
    main.o(i.distance_mange) refers to main.o(i.compute_angle_send_to_anthor0) for compute_angle_send_to_anthor0
    main.o(i.distance_mange) refers to fflti.o(.text) for __aeabi_i2f
    main.o(i.distance_mange) refers to fdiv.o(.text) for __aeabi_fdiv
    main.o(i.distance_mange) refers to f2d.o(.text) for __aeabi_f2d
    main.o(i.distance_mange) refers to printfa.o(i.__0sprintf) for __2sprintf
    main.o(i.distance_mange) refers to lcd_oled.o(i.OLED_ShowString) for OLED_ShowString
    main.o(i.distance_mange) refers to main.o(.bss) for .bss
    main.o(i.dwt_dumpregisters) refers to deca_device.o(i.dwt_read32bitoffsetreg) for dwt_read32bitoffsetreg
    main.o(i.dwt_dumpregisters) refers to printfa.o(i.__0sprintf) for __2sprintf
    main.o(i.filter) refers to main.o(.bss) for .bss
    main.o(i.fputc) refers to stm32f10x_usart.o(i.USART_ClearFlag) for USART_ClearFlag
    main.o(i.fputc) refers to stm32f10x_usart.o(i.USART_SendData) for USART_SendData
[...]
    ../clib/microlib/init/entry.s            0x00000000   Number         0  entry11b.o ABSOLUTE
    ../clib/microlib/init/entry.s            0x00000000   Number         0  entry7b.o ABSOLUTE
    ../clib/microlib/init/entry.s            0x00000000   Number         0  entry7a.o ABSOLUTE
    ../clib/microlib/init/entry.s            0x00000000   Number         0  entry.o ABSOLUTE
    ../clib/microlib/init/entry.s            0x00000000   Number         0  entry5.o ABSOLUTE
    ../clib/microlib/init/entry.s            0x00000000   Number         0  entry11a.o ABSOLUTE
    ../clib/microlib/init/entry.s            0x00000000   Number         0  entry10b.o ABSOLUTE
    ../clib/microlib/init/entry.s            0x00000000   Number         0  entry10a.o ABSOLUTE
    ../clib/microlib/init/entry.s            0x00000000   Number         0  entry9b.o ABSOLUTE
    ../clib/microlib/init/entry.s            0x00000000   Number         0  entry2.o ABSOLUTE
    ../clib/microlib/init/entry.s            0x00000000   Number         0  entry9a.o ABSOLUTE
    ../clib/microlib/init/entry.s            0x00000000   Number         0  entry8b.o ABSOLUTE
    ../clib/microlib/longlong.c              0x00000000   Number         0  llsshr.o ABSOLUTE
    ../clib/microlib/longlong.c              0x00000000   Number         0  llushr.o ABSOLUTE
    ../clib/microlib/longlong.c              0x00000000   Number         0  llshl.o ABSOLUTE
    ../clib/microlib/printf/printf.c         0x00000000   Number         0  printf4.o ABSOLUTE
    ../clib/microlib/printf/printf.c         0x00000000   Number         0  printf3.o ABSOLUTE
    ../clib/microlib/printf/printf.c         0x00000000   Number         0  printf2.o ABSOLUTE
    ../clib/microlib/printf/printf.c         0x00000000   Number         0  printf1.o ABSOLUTE
    ../clib/microlib/printf/printf.c         0x00000000   Number         0  printfb.o ABSOLUTE
    ../clib/microlib/printf/printf.c         0x00000000   Number         0  printf0.o ABSOLUTE
    ../clib/microlib/printf/printf.c         0x00000000   Number         0  printf8.o ABSOLUTE
    ../clib/microlib/printf/printf.c         0x00000000   Number         0  printf7.o ABSOLUTE
    ../clib/microlib/printf/printf.c         0x00000000   Number         0  printf6.o ABSOLUTE
    ../clib/microlib/printf/printf.c         0x00000000   Number         0  printf5.o ABSOLUTE
    ../clib/microlib/printf/printf.c         0x00000000   Number         0  printfa.o ABSOLUTE
    ../clib/microlib/printf/stubs.s          0x00000000   Number         0  stubs.o ABSOLUTE
    ../clib/microlib/stdio/putchar.c         0x00000000   Number         0  putchar.o ABSOLUTE
    ../clib/microlib/stdio/streams.c         0x00000000   Number         0  stdout.o ABSOLUTE
    ../clib/microlib/stdlib/abs.c            0x00000000   Number         0  ilabs.o ABSOLUTE
    ../clib/microlib/stdlib/abs.c            0x00000000   Number         0  siabs.o ABSOLUTE
    ../clib/microlib/string/memcmp.c         0x00000000   Number         0  memcmp.o ABSOLUTE
    ../clib/microlib/string/memcpy.c         0x00000000   Number         0  memcpyb.o ABSOLUTE
    ../clib/microlib/string/memcpy.c         0x00000000   Number         0  memcpya.o ABSOLUTE
    ../clib/microlib/string/strlen.c         0x00000000   Number         0  strlen.o ABSOLUTE
    ../clib/microlib/stubs.s                 0x00000000   Number         0  iusefp.o ABSOLUTE
    ../fplib/microlib/d2f.c                  0x00000000   Number         0  d2f.o ABSOLUTE
    ../fplib/microlib/f2d.c                  0x00000000   Number         0  f2d.o ABSOLUTE
    ../fplib/microlib/fpadd.c                0x00000000   Number         0  dadd.o ABSOLUTE
    ../fplib/microlib/fpadd.c                0x00000000   Number         0  fadd.o ABSOLUTE
    ../fplib/microlib/fpdiv.c                0x00000000   Number         0  fdiv.o ABSOLUTE
    ../fplib/microlib/fpdiv.c                0x00000000   Number         0  ddiv.o ABSOLUTE
    ../fplib/microlib/fpepilogue.c           0x00000000   Number         0  depilogue.o ABSOLUTE
    ../fplib/microlib/fpepilogue.c           0x00000000   Number         0  fepilogue.o ABSOLUTE
    ../fplib/microlib/fpfix.c                0x00000000   Number         0  dfixul.o ABSOLUTE
    ../fplib/microlib/fpfix.c                0x00000000   Number         0  dfixi.o ABSOLUTE
    ../fplib/microlib/fpflt.c                0x00000000   Number         0  fflti.o ABSOLUTE
    ../fplib/microlib/fpflt.c                0x00000000   Number         0  dflti.o ABSOLUTE
    ../fplib/microlib/fpflt.c                0x00000000   Number         0  dfltui.o ABSOLUTE
    ../fplib/microlib/fpmul.c                0x00000000   Number         0  fmul.o ABSOLUTE
    ../fplib/microlib/fpmul.c                0x00000000   Number         0  dmul.o ABSOLUTE
    ../fplib/microlib/fpscalb.c              0x00000000   Number         0  fscalb.o ABSOLUTE
    ../fplib/microlib/fpscalb.c              0x00000000   Number         0  dscalb.o ABSOLUTE
    ../fplib/microlib/fpsqrt.c               0x00000000   Number         0  dsqrt.o ABSOLUTE
    ../mathlib/acos.c                        0x00000000   Number         0  acos.o ABSOLUTE
    ../mathlib/acos.c                        0x00000000   Number         0  acos_x.o ABSOLUTE
    ../mathlib/dunder.c                      0x00000000   Number         0  dunder.o ABSOLUTE
    ../mathlib/fpclassify.c                  0x00000000   Number         0  fpclassify.o ABSOLUTE
    ../mathlib/poly.c                        0x00000000   Number         0  poly.o ABSOLUTE
    ../mathlib/pow.c                         0x00000000   Number         0  pow_x.o ABSOLUTE
    ../mathlib/pow.c                         0x00000000   Number         0  pow.o ABSOLUTE
    ../mathlib/qnan.c                        0x00000000   Number         0  qnan.o ABSOLUTE
    ../mathlib/sqrt.c                        0x00000000   Number         0  sqrt_x.o ABSOLUTE
    ../mathlib/sqrt.c                        0x00000000   Number         0  sqrt.o ABSOLUTE
    ..\..\..\Libraries\CMSIS\CM3\CoreSupport\core_cm3.c 0x00000000   Number         0  core_cm3.o ABSOLUTE
    ..\..\..\Libraries\CMSIS\CM3\DeviceSupport\ST\STM32F10x\startup\arm\startup_stm32f10x_hd.s 0x00000000   Number         0  startup_stm32f10x_hd.o ABSOLUTE
    ..\..\..\Libraries\STM32F10x_StdPeriph_Driver\src\misc.c 0x00000000   Number         0  misc.o ABSOLUTE
    ..\..\..\Libraries\STM32F10x_StdPeriph_Driver\src\stm32f10x_adc.c 0x00000000   Number         0  stm32f10x_adc.o ABSOLUTE
    ..\..\..\Libraries\STM32F10x_StdPeriph_Driver\src\stm32f10x_bkp.c 0x00000000   Number         0  stm32f10x_bkp.o ABSOLUTE
    ..\..\..\Libraries\STM32F10x_StdPeriph_Driver\src\stm32f10x_can.c 0x00000000   Number         0  stm32f10x_can.o ABSOLUTE
    ..\..\..\Libraries\STM32F10x_StdPeriph_Driver\src\stm32f10x_cec.c 0x00000000   Number         0  stm32f10x_cec.o ABSOLUTE
    ..\..\..\Libraries\STM32F10x_StdPeriph_Driver\src\stm32f10x_crc.c 0x00000000   Number         0  stm32f10x_crc.o ABSOLUTE
    ..\..\..\Libraries\STM32F10x_StdPeriph_Driver\src\stm32f10x_dac.c 0x00000000   Number         0  stm32f10x_dac.o ABSOLUTE
    ..\..\..\Libraries\STM32F10x_StdPeriph_Driver\src\stm32f10x_dbgmcu.c 0x00000000   Number         0  stm32f10x_dbgmcu.o ABSOLUTE
    ..\..\..\Libraries\STM32F10x_StdPeriph_Driver\src\stm32f10x_dma.c 0x00000000   Number         0  stm32f10x_dma.o ABSOLUTE
    ..\..\..\Libraries\STM32F10x_StdPeriph_Driver\src\stm32f10x_exti.c 0x00000000   Number         0  stm32f10x_exti.o ABSOLUTE
    ..\..\..\Libraries\STM32F10x_StdPeriph_Driver\src\stm32f10x_flash.c 0x00000000   Number         0  stm32f10x_flash.o ABSOLUTE
    ..\..\..\Libraries\STM32F10x_StdPeriph_Driver\src\stm32f10x_fsmc.c 0x00000000   Number         0  stm32f10x_fsmc.o ABSOLUTE
    ..\..\..\Libraries\STM32F10x_StdPeriph_Driver\src\stm32f10x_gpio.c 0x00000000   Number         0  stm32f10x_gpio.o ABSOLUTE
    ..\..\..\Libraries\STM32F10x_StdPeriph_Driver\src\stm32f10x_i2c.c 0x00000000   Number         0  stm32f10x_i2c.o ABSOLUTE
    ..\..\..\Libraries\STM32F10x_StdPeriph_Driver\src\stm32f10x_iwdg.c 0x00000000   Number         0  stm32f10x_iwdg.o ABSOLUTE
    ..\..\..\Libraries\STM32F10x_StdPeriph_Driver\src\stm32f10x_pwr.c 0x00000000   Number         0  stm32f10x_pwr.o ABSOLUTE
    ..\..\..\Libraries\STM32F10x_StdPeriph_Driver\src\stm32f10x_rcc.c 0x00000000   Number         0  stm32f10x_rcc.o ABSOLUTE
    ..\..\..\Libraries\STM32F10x_StdPeriph_Driver\src\stm32f10x_rtc.c 0x00000000   Number         0  stm32f10x_rtc.o ABSOLUTE
    ..\..\..\Libraries\STM32F10x_StdPeriph_Driver\src\stm32f10x_sdio.c 0x00000000   Number         0  stm32f10x_sdio.o ABSOLUTE
    ..\..\..\Libraries\STM32F10x_StdPeriph_Driver\src\stm32f10x_spi.c 0x00000000   Number         0  stm32f10x_spi.o ABSOLUTE
    ..\..\..\Libraries\STM32F10x_StdPeriph_Driver\src\stm32f10x_tim.c 0x00000000   Number         0  stm32f10x_tim.o ABSOLUTE
    ..\..\..\Libraries\STM32F10x_StdPeriph_Driver\src\stm32f10x_usart.c 0x00000000   Number         0  stm32f10x_usart.o ABSOLUTE
    ..\..\..\Libraries\STM32F10x_StdPeriph_Driver\src\stm32f10x_wwdg.c 0x00000000   Number         0  stm32f10x_wwdg.o ABSOLUTE
    ..\..\..\Utilities\STM32_EVAL\Common\stm32_eval_i2c_tsensor.c 0x00000000   Number         0  stm32_eval_i2c_tsensor.o ABSOLUTE
    ..\..\..\Utilities\STM32_EVAL\Common\stm32_eval_sdio_sd.c 0x00000000   Number         0  stm32_eval_sdio_sd.o ABSOLUTE
    ..\..\..\Utilities\STM32_EVAL\Common\stm32_eval_spi_flash.c 0x00000000   Number         0  stm32_eval_spi_flash.o ABSOLUTE
    ..\..\..\Utilities\STM32_EVAL\STM3210E_EVAL\stm3210e_eval_fsmc_nand.c 0x00000000   Number         0  stm3210e_eval_fsmc_nand.o ABSOLUTE
    ..\..\..\Utilities\STM32_EVAL\STM3210E_EVAL\stm3210e_eval_fsmc_nor.c 0x00000000   Number         0  stm3210e_eval_fsmc_nor.o ABSOLUTE
    ..\..\..\Utilities\STM32_EVAL\STM3210E_EVAL\stm3210e_eval_fsmc_sram.c 0x00000000   Number         0  stm3210e_eval_fsmc_sram.o ABSOLUTE
    ..\..\..\Utilities\STM32_EVAL\STM3210E_EVAL\stm3210e_eval_lcd.c 0x00000000   Number         0  stm3210e_eval_lcd.o ABSOLUTE
    ..\..\..\Utilities\STM32_EVAL\stm32_eval.c 0x00000000   Number         0  stm32_eval.o ABSOLUTE
    ..\\..\\..\\Libraries\\CMSIS\\CM3\\CoreSupport\\core_cm3.c 0x00000000   Number         0  core_cm3.o ABSOLUTE
    ..\at24c16\AT24C02.c                     0x00000000   Number         0  at24c02.o ABSOLUTE
    ..\decadriver\deca_device.c              0x00000000   Number         0  deca_device.o ABSOLUTE
    ..\decadriver\deca_params_init.c         0x00000000   Number         0  deca_params_init.o ABSOLUTE
    ..\decadriver\deca_range_tables.c        0x00000000   Number         0  deca_range_tables.o ABSOLUTE
    ..\kalman\kalman.c                       0x00000000   Number         0  kalman.o ABSOLUTE
    ..\kalman\matrix.c                       0x00000000   Number         0  matrix.o ABSOLUTE
    ..\main.c                                0x00000000   Number         0  main.o ABSOLUTE
    ..\platform\deca_mutex.c                 0x00000000   Number         0  deca_mutex.o ABSOLUTE
    ..\platform\deca_sleep.c                 0x00000000   Number         0  deca_sleep.o ABSOLUTE
    ..\platform\deca_spi.c                   0x00000000   Number         0  deca_spi.o ABSOLUTE
    ..\platform\lcd.c                        0x00000000   Number         0  lcd.o ABSOLUTE
    ..\platform\lcd_oled.c                   0x00000000   Number         0  lcd_oled.o ABSOLUTE
    ..\platform\port.c                       0x00000000   Number         0  port.o ABSOLUTE
    ..\stm32f10x_it.c                        0x00000000   Number         0  stm32f10x_it.o ABSOLUTE
    ..\system_stm32f10x.c                    0x00000000   Number         0  system_stm32f10x.o ABSOLUTE
    ..\trilateration\trilateration.c         0x00000000   Number         0  trilateration.o ABSOLUTE
    cdcmple.s                                0x00000000   Number         0  cdcmple.o ABSOLUTE
    cdrcmple.s                               0x00000000   Number         0  cdrcmple.o ABSOLUTE
    cfcmple.s                                0x00000000   Number         0  cfcmple.o ABSOLUTE
    cfrcmple.s                               0x00000000   Number         0  cfrcmple.o ABSOLUTE
    dc.s                                     0x00000000   Number         0  dc.o ABSOLUTE
    handlers.s                               0x00000000   Number         0  handlers.o ABSOLUTE
    init.s                                   0x00000000   Number         0  init.o ABSOLUTE
    RESET                                    0x08000000   Section      304  startup_stm32f10x_hd.o(RESET)
    .ARM.Collect$$$$00000000                 0x08000130   Section        0  entry.o(.ARM.Collect$$$$00000000)
    .ARM.Collect$$$$00000001                 0x08000130   Section        4  entry2.o(.ARM.Collect$$$$00000001)
    .ARM.Collect$$$$00000004                 0x08000134   Section        4  entry5.o(.ARM.Collect$$$$00000004)
    .ARM.Collect$$$$00000008                 0x08000138   Section        0  entry7b.o(.ARM.Collect$$$$00000008)
    .ARM.Collect$$$$0000000A                 0x08000138   Section        0  entry8b.o(.ARM.Collect$$$$0000000A)
    .ARM.Collect$$$$0000000B                 0x08000138   Section        8  entry9a.o(.ARM.Collect$$$$0000000B)
    .ARM.Collect$$$$0000000D                 0x08000140   Section        0  entry10a.o(.ARM.Collect$$$$0000000D)
    .ARM.Collect$$$$0000000F                 0x08000140   Section        0  entry11a.o(.ARM.Collect$$$$0000000F)
    .ARM.Collect$$$$00002712                 0x08000140   Section        4  entry2.o(.ARM.Collect$$$$00002712)
    __lit__00000000                          0x08000140   Data           4  entry2.o(.ARM.Collect$$$$00002712)
    .text                                    0x08000144   Section       36  startup_stm32f10x_hd.o(.text)
    .text                                    0x08000168   Section        0  memcmp.o(.text)
    .text                                    0x08000182   Section        0  fadd.o(.text)
    .text                                    0x08000232   Section        0  fmul.o(.text)
    .text                                    0x08000296   Section        0  fdiv.o(.text)
    .text                                    0x08000312   Section        0  fscalb.o(.text)
    .text                                    0x0800032a   Section        0  dadd.o(.text)
    .text                                    0x08000478   Section        0  dmul.o(.text)
    .text                                    0x0800055c   Section        0  ddiv.o(.text)
    .text                                    0x0800063a   Section        0  dscalb.o(.text)
    .text                                    0x08000668   Section        0  fflti.o(.text)
    .text                                    0x0800067a   Section        0  f2d.o(.text)
    .text                                    0x080006a0   Section       48  cdrcmple.o(.text)
    .text                                    0x080006d0   Section        0  d2f.o(.text)
    .text                                    0x08000708   Section       20  cfcmple.o(.text)
    .text                                    0x0800071c   Section        0  uidiv.o(.text)
    .text                                    0x08000748   Section        0  uldiv.o(.text)
    .text                                    0x080007aa   Section        0  llshl.o(.text)
    .text                                    0x080007c8   Section        0  llushr.o(.text)
    .text                                    0x080007e8   Section        0  llsshr.o(.text)
    .text                                    0x0800080c   Section        0  iusefp.o(.text)
    .text                                    0x0800080c   Section        0  fepilogue.o(.text)
    .text                                    0x0800087a   Section        0  depilogue.o(.text)
    .text                                    0x08000934   Section        0  dsqrt.o(.text)
    .text                                    0x080009d6   Section        0  dfixul.o(.text)
    .text                                    0x08000a08   Section       36  init.o(.text)
    .text                                    0x08000a2c   Section        0  __dczerorl2.o(.text)
    i.BusFault_Handler                       0x08000a82   Section        0  stm32f10x_it.o(i.BusFault_Handler)
    i.DebugMon_Handler                       0x08000a84   Section        0  stm32f10x_it.o(i.DebugMon_Handler)
    i.EXTI_GetITEnStatus                     0x08000a88   Section        0  port.o(i.EXTI_GetITEnStatus)
    i.GPIO_Configuration                     0x08000a9c   Section        0  port.o(i.GPIO_Configuration)
    i.GPIO_Init                              0x08000b80   Section        0  stm32f10x_gpio.o(i.GPIO_Init)
    i.GPIO_PinRemapConfig                    0x08000c24   Section        0  stm32f10x_gpio.o(i.GPIO_PinRemapConfig)
    i.GPIO_ResetBits                         0x08000c7c   Section        0  stm32f10x_gpio.o(i.GPIO_ResetBits)
    i.GPIO_SetBits                           0x08000c80   Section        0  stm32f10x_gpio.o(i.GPIO_SetBits)
    i.HardFault_Handler                      0x08000c84   Section        0  stm32f10x_it.o(i.HardFault_Handler)
    i.I2C_AcknowledgeConfig                  0x08000c86   Section        0  stm32f10x_i2c.o(i.I2C_AcknowledgeConfig)
    i.I2C_CheckEvent                         0x08000c9a   Section        0  stm32f10x_i2c.o(i.I2C_CheckEvent)
    i.I2C_ClearFlag                          0x08000cb2   Section        0  stm32f10x_i2c.o(i.I2C_ClearFlag)
    i.I2C_Cmd                                0x08000cb8   Section        0  stm32f10x_i2c.o(i.I2C_Cmd)
    i.I2C_DeInit                             0x08000ccc   Section        0  stm32f10x_i2c.o(i.I2C_DeInit)
    i.I2C_GenerateSTART                      0x08000cf8   Section        0  stm32f10x_i2c.o(i.I2C_GenerateSTART)
    i.I2C_GenerateSTOP                       0x08000d0c   Section        0  stm32f10x_i2c.o(i.I2C_GenerateSTOP)
    i.I2C_Init                               0x08000d20   Section        0  stm32f10x_i2c.o(i.I2C_Init)
    i.I2C_ReadRegister                       0x08000ddc   Section        0  stm32f10x_i2c.o(i.I2C_ReadRegister)
    i.I2C_Send7bitAddress                    0x08000de6   Section        0  stm32f10x_i2c.o(i.I2C_Send7bitAddress)
    i.I2C_SendData                           0x08000df6   Section        0  stm32f10x_i2c.o(i.I2C_SendData)
    i.I2C_WriteOneByte                       0x08000dfc   Section        0  lcd_oled.o(i.I2C_WriteOneByte)
    i.MX_I2C1_Init                           0x08000ee8   Section        0  port.o(i.MX_I2C1_Init)
    MX_I2C1_Init                             0x08000ee9   Thumb Code   106  port.o(i.MX_I2C1_Init)
    i.MemManage_Handler                      0x08000f64   Section        0  stm32f10x_it.o(i.MemManage_Handler)
    i.NMI_Handler                            0x08000f66   Section        0  stm32f10x_it.o(i.NMI_Handler)
    i.NVIC_SetPriority                       0x08000f68   Section        0  port.o(i.NVIC_SetPriority)
    NVIC_SetPriority                         0x08000f69   Thumb Code    32  port.o(i.NVIC_SetPriority)
    i.OLED_Clear                             0x08000f88   Section        0  lcd_oled.o(i.OLED_Clear)
    i.OLED_Init                              0x08000fc4   Section        0  lcd_oled.o(i.OLED_Init)
    i.OLED_Set_Pos                           0x08001036   Section        0  lcd_oled.o(i.OLED_Set_Pos)
    i.OLED_ShowChar                          0x08001064   Section        0  lcd_oled.o(i.OLED_ShowChar)
    i.OLED_ShowString                        0x080010c8   Section        0  lcd_oled.o(i.OLED_ShowString)
    i.OLED_WR_Byte                           0x080010fc   Section        0  lcd_oled.o(i.OLED_WR_Byte)
    i.PendSV_Handler                         0x08001128   Section        0  stm32f10x_it.o(i.PendSV_Handler)
    i.RCC_APB1PeriphClockCmd                 0x0800112c   Section        0  stm32f10x_rcc.o(i.RCC_APB1PeriphClockCmd)
    i.RCC_APB1PeriphResetCmd                 0x08001144   Section        0  stm32f10x_rcc.o(i.RCC_APB1PeriphResetCmd)
    i.RCC_APB2PeriphClockCmd                 0x0800115c   Section        0  stm32f10x_rcc.o(i.RCC_APB2PeriphClockCmd)
    i.RCC_APB2PeriphResetCmd                 0x08001174   Section        0  stm32f10x_rcc.o(i.RCC_APB2PeriphResetCmd)
    i.RCC_GetClocksFreq                      0x0800118c   Section        0  stm32f10x_rcc.o(i.RCC_GetClocksFreq)
    i.SPI2_Configuration                     0x0800122c   Section        0  port.o(i.SPI2_Configuration)
    i.SPI_ChangeRate                         0x08001318   Section        0  port.o(i.SPI_ChangeRate)
    i.SPI_Cmd                                0x0800132c   Section        0  stm32f10x_spi.o(i.SPI_Cmd)
    i.SPI_Configuration                      0x08001340   Section        0  port.o(i.SPI_Configuration)
    i.SPI_I2S_DeInit                         0x080013f0   Section        0  stm32f10x_spi.o(i.SPI_I2S_DeInit)
    i.SPI_I2S_GetFlagStatus                  0x08001444   Section        0  stm32f10x_spi.o(i.SPI_I2S_GetFlagStatus)
    i.SPI_Init                               0x08001452   Section        0  stm32f10x_spi.o(i.SPI_Init)
    i.SPI_SSOutputCmd                        0x0800148a   Section        0  stm32f10x_spi.o(i.SPI_SSOutputCmd)
    i.STM_EVAL_COMInit                       0x080014a0   Section        0  stm32_eval.o(i.STM_EVAL_COMInit)
    i.STM_EVAL_LEDOff                        0x08001544   Section        0  stm32_eval.o(i.STM_EVAL_LEDOff)
    i.STM_EVAL_LEDOn                         0x0800155c   Section        0  stm32_eval.o(i.STM_EVAL_LEDOn)
    i.SVC_Handler                            0x08001574   Section        0  stm32f10x_it.o(i.SVC_Handler)
    i.Semaphore_Init                         0x08001578   Section        0  main.o(i.Semaphore_Init)
    i.SetSysClockTo72                        0x0800158c   Section        0  system_stm32f10x.o(i.SetSysClockTo72)
    SetSysClockTo72                          0x0800158d   Thumb Code   160  system_stm32f10x.o(i.SetSysClockTo72)
    i.Sum_Tag_Semaphore_request              0x08001634   Section        0  main.o(i.Sum_Tag_Semaphore_request)
    i.SysTick_Configuration                  0x08001640   Section        0  port.o(i.SysTick_Configuration)
    i.SysTick_Handler                        0x08001684   Section        0  stm32f10x_it.o(i.SysTick_Handler)
    i.SystemInit                             0x08001694   Section        0  system_stm32f10x.o(i.SystemInit)
    i.Tag_Measure_Dis                        0x080016e4   Section        0  main.o(i.Tag_Measure_Dis)
    i.USART_ClearFlag                        0x08001938   Section        0  stm32f10x_usart.o(i.USART_ClearFlag)
    i.USART_Cmd                              0x0800193e   Section        0  stm32f10x_usart.o(i.USART_Cmd)
    i.USART_GetFlagStatus                    0x08001952   Section        0  stm32f10x_usart.o(i.USART_GetFlagStatus)
    i.USART_Init                             0x08001960   Section        0  stm32f10x_usart.o(i.USART_Init)
    i.USART_SendData                         0x08001a0c   Section        0  stm32f10x_usart.o(i.USART_SendData)
    i.UsageFault_Handler                     0x08001a14   Section        0  stm32f10x_it.o(i.UsageFault_Handler)
    i.__0printf                              0x08001a18   Section        0  printfa.o(i.__0printf)
    i.__0sprintf                             0x08001a38   Section        0  printfa.o(i.__0sprintf)
    i.__kernel_poly                          0x08001a60   Section        0  poly.o(i.__kernel_poly)
    i.__mathlib_dbl_infnan                   0x08001b0a   Section        0  dunder.o(i.__mathlib_dbl_infnan)
    i.__mathlib_dbl_invalid                  0x08001b10   Section        0  dunder.o(i.__mathlib_dbl_invalid)
    i.__scatterload_copy                     0x08001b1c   Section       14  handlers.o(i.__scatterload_copy)
    i.__scatterload_null                     0x08001b2a   Section        2  handlers.o(i.__scatterload_null)
    i.__scatterload_zeroinit                 0x08001b2c   Section       14  handlers.o(i.__scatterload_zeroinit)
    i.__set_errno                            0x08001b3c   Section        0  errno.o(i.__set_errno)
    i._dwt_configlde                         0x08001b48   Section        0  deca_device.o(i._dwt_configlde)
    i._dwt_enableclocks                      0x08001b78   Section        0  deca_device.o(i._dwt_enableclocks)
    i._dwt_loaducodefromrom                  0x08001c3a   Section        0  deca_device.o(i._dwt_loaducodefromrom)
    i._dwt_otpread                           0x08001c6e   Section        0  deca_device.o(i._dwt_otpread)
    i._fp_digits                             0x08001cb4   Section        0  printfa.o(i._fp_digits)
    _fp_digits                               0x08001cb5   Thumb Code   366  printfa.o(i._fp_digits)
    i._printf_core                           0x08001e38   Section        0  printfa.o(i._printf_core)
    _printf_core                             0x08001e39   Thumb Code  1744  printfa.o(i._printf_core)
    i._printf_post_padding                   0x08002514   Section        0  printfa.o(i._printf_post_padding)
    _printf_post_padding                     0x08002515   Thumb Code    36  printfa.o(i._printf_post_padding)
    i._printf_pre_padding                    0x08002538   Section        0  printfa.o(i._printf_pre_padding)
    _printf_pre_padding                      0x08002539   Thumb Code    46  printfa.o(i._printf_pre_padding)
    i._sputc                                 0x08002566   Section        0  printfa.o(i._sputc)
    _sputc                                   0x08002567   Thumb Code    10  printfa.o(i._sputc)
    i.acos                                   0x08002570   Section        0  acos.o(i.acos)
    i.compute_angle_send_to_anthor0          0x080027ec   Section        0  main.o(i.compute_angle_send_to_anthor0)
    compute_angle_send_to_anthor0            0x080027ed   Thumb Code   330  main.o(i.compute_angle_send_to_anthor0)
    i.deca_sleep                             0x080029cc   Section        0  deca_sleep.o(i.deca_sleep)
    i.decamutexoff                           0x080029e4   Section        0  deca_mutex.o(i.decamutexoff)
    i.decamutexon                            0x080029f6   Section        0  deca_mutex.o(i.decamutexon)
    i.distance_mange                         0x08002a10   Section        0  main.o(i.distance_mange)
    distance_mange                           0x08002a11   Thumb Code   234  main.o(i.distance_mange)
    i.dwt_configure                          0x08002b34   Section        0  deca_device.o(i.dwt_configure)
    i.dwt_entersleepaftertx                  0x08002d4c   Section        0  deca_device.o(i.dwt_entersleepaftertx)
    i.dwt_forcetrxoff                        0x08002d70   Section        0  deca_device.o(i.dwt_forcetrxoff)
    i.dwt_initialise                         0x08002dd0   Section        0  deca_device.o(i.dwt_initialise)
    i.dwt_read16bitoffsetreg                 0x08002ea8   Section        0  deca_device.o(i.dwt_read16bitoffsetreg)
    i.dwt_read32bitoffsetreg                 0x08002ece   Section        0  deca_device.o(i.dwt_read32bitoffsetreg)
    i.dwt_readdevid                          0x08002ef4   Section        0  deca_device.o(i.dwt_readdevid)
    i.dwt_readfromdevice                     0x08002efc   Section        0  deca_device.o(i.dwt_readfromdevice)
    i.dwt_readrxdata                         0x08002f36   Section        0  deca_device.o(i.dwt_readrxdata)
    i.dwt_readrxtimestamp                    0x08002f48   Section        0  deca_device.o(i.dwt_readrxtimestamp)
    i.dwt_readtxtimestamp                    0x08002f54   Section        0  deca_device.o(i.dwt_readtxtimestamp)
    i.dwt_rxenable                           0x08002f60   Section        0  deca_device.o(i.dwt_rxenable)
    i.dwt_setdelayedtrxtime                  0x08002fb0   Section        0  deca_device.o(i.dwt_setdelayedtrxtime)
    i.dwt_setleds                            0x08002fba   Section        0  deca_device.o(i.dwt_setleds)
    i.dwt_setrxaftertxdelay                  0x08003072   Section        0  deca_device.o(i.dwt_setrxaftertxdelay)
    i.dwt_setrxantennadelay                  0x08003094   Section        0  deca_device.o(i.dwt_setrxantennadelay)
    i.dwt_setrxtimeout                       0x080030a0   Section        0  deca_device.o(i.dwt_setrxtimeout)
    i.dwt_settxantennadelay                  0x080030f8   Section        0  deca_device.o(i.dwt_settxantennadelay)
    i.dwt_starttx                            0x08003104   Section        0  deca_device.o(i.dwt_starttx)
    i.dwt_syncrxbufptrs                      0x08003198   Section        0  deca_device.o(i.dwt_syncrxbufptrs)
    i.dwt_write16bitoffsetreg                0x080031cc   Section        0  deca_device.o(i.dwt_write16bitoffsetreg)
    i.dwt_write32bitoffsetreg                0x080031e6   Section        0  deca_device.o(i.dwt_write32bitoffsetreg)
    i.dwt_writetodevice                      0x08003204   Section        0  deca_device.o(i.dwt_writetodevice)
    i.dwt_writetxdata                        0x08003242   Section        0  deca_device.o(i.dwt_writetxdata)
    i.dwt_writetxfctrl                       0x08003264   Section        0  deca_device.o(i.dwt_writetxfctrl)
    i.dwt_xtaltrim                           0x08003280   Section        0  deca_device.o(i.dwt_xtaltrim)
    i.filter                                 0x080032b0   Section        0  main.o(i.filter)
    i.final_msg_set_ts                       0x08003308   Section        0  main.o(i.final_msg_set_ts)
    final_msg_set_ts                         0x08003309   Thumb Code    22  main.o(i.final_msg_set_ts)
    i.fputc                                  0x08003320   Section        0  main.o(i.fputc)
    i.main                                   0x0800334c   Section        0  main.o(i.main)
    i.peripherals_init                       0x08003730   Section        0  port.o(i.peripherals_init)
    i.portGetTickCnt                         0x0800378c   Section        0  port.o(i.portGetTickCnt)
    i.readfromspi_serial                     0x08003798   Section        0  deca_spi.o(i.readfromspi_serial)
    i.reset_DW1000                           0x08003814   Section        0  port.o(i.reset_DW1000)
    i.spi_set_rate_high                      0x08003860   Section        0  port.o(i.spi_set_rate_high)
    i.spi_set_rate_low                       0x08003866   Section        0  port.o(i.spi_set_rate_low)
    i.sqrt                                   0x0800386c   Section        0  sqrt.o(i.sqrt)
    i.usartinit                              0x080038b8   Section        0  port.o(i.usartinit)
    i.writetospi_serial                      0x080038e4   Section        0  deca_spi.o(i.writetospi_serial)
    .constdata                               0x08003948   Section      168  stm32_eval.o(.constdata)
    .constdata                               0x080039f0   Section     1520  lcd_oled.o(.constdata)
    .constdata                               0x08003fe0   Section        8  deca_params_init.o(.constdata)
    .constdata                               0x08003fe8   Section       24  deca_params_init.o(.constdata)
    .constdata                               0x08004000   Section       30  deca_params_init.o(.constdata)
    .constdata                               0x0800401e   Section        2  deca_params_init.o(.constdata)
    .constdata                               0x08004020   Section        8  deca_params_init.o(.constdata)
    .constdata                               0x08004028   Section        3  deca_params_init.o(.constdata)
    .constdata                               0x0800402c   Section       12  deca_params_init.o(.constdata)
    .constdata                               0x08004038   Section        4  deca_params_init.o(.constdata)
    .constdata                               0x0800403c   Section       32  deca_params_init.o(.constdata)
    .constdata                               0x0800405c   Section       50  deca_params_init.o(.constdata)
    .constdata                               0x08004090   Section       80  acos.o(.constdata)
    pS                                       0x08004090   Data          48  acos.o(.constdata)
    qS                                       0x080040c0   Data          32  acos.o(.constdata)
    .data                                    0x20000000   Section        4  stm32f10x_it.o(.data)
    .data                                    0x20000008   Section      213  main.o(.data)
    frame_seq_nb                             0x20000008   Data           1  main.o(.data)
    status_reg                               0x2000000c   Data           4  main.o(.data)
    framenum                                 0x20000010   Data           4  main.o(.data)
    poll_tx_ts                               0x20000018   Data           8  main.o(.data)
    resp_rx_ts                               0x20000020   Data           8  main.o(.data)
    final_tx_ts                              0x20000028   Data           8  main.o(.data)
    config                                   0x20000030   Data          11  main.o(.data)
    distance_msg                             0x2000003b   Data          15  main.o(.data)
    tx_poll_msg                              0x2000004a   Data          12  main.o(.data)
    rx_resp_msg                              0x20000056   Data          15  main.o(.data)
    tx_final_msg                             0x20000065   Data          24  main.o(.data)
    angle_msg                                0x2000007d   Data          31  main.o(.data)
    Semaphore_Release                        0x2000009c   Data          13  main.o(.data)
    Tag_Statistics                           0x200000a9   Data          13  main.o(.data)
    Master_Release_Semaphore                 0x200000b6   Data          13  main.o(.data)
    Tag_Statistics_response                  0x200000c3   Data          13  main.o(.data)
    Master_Release_Semaphore_comfirm         0x200000d0   Data          13  main.o(.data)
    .data                                    0x200000dd   Section       20  stm32f10x_rcc.o(.data)
    ADCPrescTable                            0x200000dd   Data           4  stm32f10x_rcc.o(.data)
    APBAHBPrescTable                         0x200000e1   Data          16  stm32f10x_rcc.o(.data)
    .data                                    0x200000f4   Section       20  system_stm32f10x.o(.data)
    .data                                    0x20000108   Section       72  stm32_eval.o(.data)
    .data                                    0x20000150   Section      452  lcd_oled.o(.data)
    .data                                    0x20000314   Section        4  stdout.o(.data)
    .data                                    0x20000318   Section        4  errno.o(.data)
    _errno                                   0x20000318   Data           4  errno.o(.data)
    .bss                                     0x20000320   Section      256  main.o(.bss)
    rx_buffer                                0x200003a8   Data          24  main.o(.bss)
    .bss                                     0x20000420   Section       16  port.o(.bss)
    .bss                                     0x20000430   Section       60  deca_device.o(.bss)
    dw1000local                              0x20000430   Data          60  deca_device.o(.bss)
    STACK                                    0x20000470   Section     1536  startup_stm32f10x_hd.o(STACK)

    Global Symbols

    Symbol Name                              Value     Ov Type        Size  Object(Section)

    BuildAttributes$$THM_ISAv4$P$D$K$B$S$PE$A:L22UL41UL21$X:L11$S22US41US21$IEEE1$IW$USESV6$~STKCKD$USESV7$~SHL$OTIME$ROPI$IEEEX$EBA8$MICROLIB$REQ8$PRES8$EABIv2 0x00000000   Number         0  anon$$obj.o ABSOLUTE
    __ARM_use_no_argv                        0x00000000   Number         0  main.o ABSOLUTE
    _printf_a                                0x00000000   Number         0  stubs.o ABSOLUTE
    _printf_c                                0x00000000   Number         0  stubs.o ABSOLUTE
    _printf_charcount                        0x00000000   Number         0  stubs.o ABSOLUTE
    _printf_d                                0x00000000   Number         0  stubs.o ABSOLUTE
    _printf_e                                0x00000000   Number         0  stubs.o ABSOLUTE
    _printf_f                                0x00000000   Number         0  stubs.o ABSOLUTE
    _printf_flags                            0x00000000   Number         0  stubs.o ABSOLUTE
    _printf_fp_dec                           0x00000000   Number         0  stubs.o ABSOLUTE
    _printf_fp_hex                           0x00000000   Number         0  stubs.o ABSOLUTE
    _printf_g                                0x00000000   Number         0  stubs.o ABSOLUTE
    _printf_i                                0x00000000   Number         0  stubs.o ABSOLUTE
    _printf_int_dec                          0x00000000   Number         0  stubs.o ABSOLUTE
    _printf_l                                0x00000000   Number         0  stubs.o ABSOLUTE
    _printf_lc                               0x00000000   Number         0  stubs.o ABSOLUTE
    _printf_ll                               0x00000000   Number         0  stubs.o ABSOLUTE
    _printf_lld                              0x00000000   Number         0  stubs.o ABSOLUTE
    _printf_lli                              0x00000000   Number         0  stubs.o ABSOLUTE
    _printf_llo                              0x00000000   Number         0  stubs.o ABSOLUTE
    _printf_llu                              0x00000000   Number         0  stubs.o ABSOLUTE
    _printf_llx                              0x00000000   Number         0  stubs.o ABSOLUTE
    _printf_longlong_dec                     0x00000000   Number         0  stubs.o ABSOLUTE
    _printf_longlong_hex                     0x00000000   Number         0  stubs.o ABSOLUTE
    _printf_longlong_oct                     0x00000000   Number         0  stubs.o ABSOLUTE
    _printf_ls                               0x00000000   Number         0  stubs.o ABSOLUTE
    _printf_mbtowc                           0x00000000   Number         0  stubs.o ABSOLUTE
    _printf_n                                0x00000000   Number         0  stubs.o ABSOLUTE
    _printf_o                                0x00000000   Number         0  stubs.o ABSOLUTE
    _printf_p                                0x00000000   Number         0  stubs.o ABSOLUTE
    _printf_percent                          0x00000000   Number         0  stubs.o ABSOLUTE
    _printf_pre_padding                      0x00000000   Number         0  stubs.o ABSOLUTE
    _printf_return_value                     0x00000000   Number         0  stubs.o ABSOLUTE
    _printf_s                                0x00000000   Number         0  stubs.o ABSOLUTE
    _printf_sizespec                         0x00000000   Number         0  stubs.o ABSOLUTE
    _printf_str                              0x00000000   Number         0  stubs.o ABSOLUTE
    _printf_truncate_signed                  0x00000000   Number         0  stubs.o ABSOLUTE
    _printf_truncate_unsigned                0x00000000   Number         0  stubs.o ABSOLUTE
    _printf_u                                0x00000000   Number         0  stubs.o ABSOLUTE
    _printf_wc                               0x00000000   Number         0  stubs.o ABSOLUTE
    _printf_wctomb                           0x00000000   Number         0  stubs.o ABSOLUTE
    _printf_widthprec                        0x00000000   Number         0  stubs.o ABSOLUTE
    _printf_x                                0x00000000   Number         0  stubs.o ABSOLUTE
    __cpp_initialize__aeabi_                  - Undefined Weak Reference
    __cxa_finalize                            - Undefined Weak Reference
    _clock_init                               - Undefined Weak Reference
    _microlib_exit                            - Undefined Weak Reference
    __Vectors_Size                           0x00000130   Number         0  startup_stm32f10x_hd.o ABSOLUTE
    __Vectors                                0x08000000   Data           4  startup_stm32f10x_hd.o(RESET)
    __Vectors_End                            0x08000130   Data           0  startup_stm32f10x_hd.o(RESET)
    __main                                   0x08000131   Thumb Code     0  entry.o(.ARM.Collect$$$$00000000)
    _main_stk                                0x08000131   Thumb Code     0  entry2.o(.ARM.Collect$$$$00000001)
    _main_scatterload                        0x08000135   Thumb Code     0  entry5.o(.ARM.Collect$$$$00000004)
    __main_after_scatterload                 0x08000139   Thumb Code     0  entry5.o(.ARM.Collect$$$$00000004)
    _main_clock                              0x08000139   Thumb Code     0  entry7b.o(.ARM.Collect$$$$00000008)
    _main_cpp_init                           0x08000139   Thumb Code     0  entry8b.o(.ARM.Collect$$$$0000000A)
    _main_init                               0x08000139   Thumb Code     0  entry9a.o(.ARM.Collect$$$$0000000B)
    __rt_final_cpp                           0x08000141   Thumb Code     0  entry10a.o(.ARM.Collect$$$$0000000D)
    __rt_final_exit                          0x08000141   Thumb Code     0  entry11a.o(.ARM.Collect$$$$0000000F)
    Reset_Handler                            0x08000145   Thumb Code     8  startup_stm32f10x_hd.o(.text)
    ADC1_2_IRQHandler                        0x0800015f   Thumb Code     0  startup_stm32f10x_hd.o(.text)
    ADC3_IRQHandler                          0x0800015f   Thumb Code     0  startup_stm32f10x_hd.o(.text)
    CAN1_RX1_IRQHandler                      0x0800015f   Thumb Code     0  startup_stm32f10x_hd.o(.text)
    CAN1_SCE_IRQHandler                      0x0800015f   Thumb Code     0  startup_stm32f10x_hd.o(.text)
    DMA1_Channel1_IRQHandler                 0x0800015f   Thumb Code     0  startup_stm32f10x_hd.o(.text)
    DMA1_Channel2_IRQHandler                 0x0800015f   Thumb Code     0  startup_stm32f10x_hd.o(.text)
    DMA1_Channel3_IRQHandler                 0x0800015f   Thumb Code     0  startup_stm32f10x_hd.o(.text)
    DMA1_Channel4_IRQHandler                 0x0800015f   Thumb Code     0  startup_stm32f10x_hd.o(.text)
    DMA1_Channel5_IRQHandler                 0x0800015f   Thumb Code     0  startup_stm32f10x_hd.o(.text)
    DMA1_Channel6_IRQHandler                 0x0800015f   Thumb Code     0  startup_stm32f10x_hd.o(.text)
    DMA1_Channel7_IRQHandler                 0x0800015f   Thumb Code     0  startup_stm32f10x_hd.o(.text)
    DMA2_Channel1_IRQHandler                 0x0800015f   Thumb Code     0  startup_stm32f10x_hd.o(.text)
    DMA2_Channel2_IRQHandler                 0x0800015f   Thumb Code     0  startup_stm32f10x_hd.o(.text)
    DMA2_Channel3_IRQHandler                 0x0800015f   Thumb Code     0  startup_stm32f10x_hd.o(.text)
    DMA2_Channel4_5_IRQHandler               0x0800015f   Thumb Code     0  startup_stm32f10x_hd.o(.text)
    EXTI0_IRQHandler                         0x0800015f   Thumb Code     0  startup_stm32f10x_hd.o(.text)
    EXTI15_10_IRQHandler                     0x0800015f   Thumb Code     0  startup_stm32f10x_hd.o(.text)
    EXTI1_IRQHandler                         0x0800015f   Thumb Code     0  startup_stm32f10x_hd.o(.text)
    EXTI2_IRQHandler                         0x0800015f   Thumb Code     0  startup_stm32f10x_hd.o(.text)
    EXTI3_IRQHandler                         0x0800015f   Thumb Code     0  startup_stm32f10x_hd.o(.text)
    EXTI4_IRQHandler                         0x0800015f   Thumb Code     0  startup_stm32f10x_hd.o(.text)
    EXTI9_5_IRQHandler                       0x0800015f   Thumb Code     0  startup_stm32f10x_hd.o(.text)
    FLASH_IRQHandler                         0x0800015f   Thumb Code     0  startup_stm32f10x_hd.o(.text)
    FSMC_IRQHandler                          0x0800015f   Thumb Code     0  startup_stm32f10x_hd.o(.text)
    I2C1_ER_IRQHandler                       0x0800015f   Thumb Code     0  startup_stm32f10x_hd.o(.text)
    I2C1_EV_IRQHandler                       0x0800015f   Thumb Code     0  startup_stm32f10x_hd.o(.text)
    I2C2_ER_IRQHandler                       0x0800015f   Thumb Code     0  startup_stm32f10x_hd.o(.text)
    I2C2_EV_IRQHandler                       0x0800015f   Thumb Code     0  startup_stm32f10x_hd.o(.text)
    PVD_IRQHandler                           0x0800015f   Thumb Code     0  startup_stm32f10x_hd.o(.text)
    RCC_IRQHandler                           0x0800015f   Thumb Code     0  startup_stm32f10x_hd.o(.text)
    RTCAlarm_IRQHandler                      0x0800015f   Thumb Code     0  startup_stm32f10x_hd.o(.text)
    RTC_IRQHandler                           0x0800015f   Thumb Code     0  startup_stm32f10x_hd.o(.text)
    SDIO_IRQHandler                          0x0800015f   Thumb Code     0  startup_stm32f10x_hd.o(.text)
    SPI1_IRQHandler                          0x0800015f   Thumb Code     0  startup_stm32f10x_hd.o(.text)
    SPI2_IRQHandler                          0x0800015f   Thumb Code     0  startup_stm32f10x_hd.o(.text)
    SPI3_IRQHandler                          0x0800015f   Thumb Code     0  startup_stm32f10x_hd.o(.text)
    TAMPER_IRQHandler                        0x0800015f   Thumb Code     0  startup_stm32f10x_hd.o(.text)
    TIM1_BRK_IRQHandler                      0x0800015f   Thumb Code     0  startup_stm32f10x_hd.o(.text)
    TIM1_CC_IRQHandler                       0x0800015f   Thumb Code     0  startup_stm32f10x_hd.o(.text)
    TIM1_TRG_COM_IRQHandler                  0x0800015f   Thumb Code     0  startup_stm32f10x_hd.o(.text)
    TIM1_UP_IRQHandler                       0x0800015f   Thumb Code     0  startup_stm32f10x_hd.o(.text)
    TIM2_IRQHandler                          0x0800015f   Thumb Code     0  startup_stm32f10x_hd.o(.text)
    TIM3_IRQHandler                          0x0800015f   Thumb Code     0  startup_stm32f10x_hd.o(.text)
    TIM4_IRQHandler                          0x0800015f   Thumb Code     0  startup_stm32f10x_hd.o(.text)
    TIM5_IRQHandler                          0x0800015f   Thumb Code     0  startup_stm32f10x_hd.o(.text)
    TIM6_IRQHandler                          0x0800015f   Thumb Code     0  startup_stm32f10x_hd.o(.text)
    TIM7_IRQHandler                          0x0800015f   Thumb Code     0  startup_stm32f10x_hd.o(.text)
    TIM8_BRK_IRQHandler                      0x0800015f   Thumb Code     0  startup_stm32f10x_hd.o(.text)
    TIM8_CC_IRQHandler                       0x0800015f   Thumb Code     0  startup_stm32f10x_hd.o(.text)
    TIM8_TRG_COM_IRQHandler                  0x0800015f   Thumb Code     0  startup_stm32f10x_hd.o(.text)
    TIM8_UP_IRQHandler                       0x0800015f   Thumb Code     0  startup_stm32f10x_hd.o(.text)
    UART4_IRQHandler                         0x0800015f   Thumb Code     0  startup_stm32f10x_hd.o(.text)
    UART5_IRQHandler                         0x0800015f   Thumb Code     0  startup_stm32f10x_hd.o(.text)
    USART1_IRQHandler                        0x0800015f   Thumb Code     0  startup_stm32f10x_hd.o(.text)
    USART2_IRQHandler                        0x0800015f   Thumb Code     0  startup_stm32f10x_hd.o(.text)
    USART3_IRQHandler                        0x0800015f   Thumb Code     0  startup_stm32f10x_hd.o(.text)
    USBWakeUp_IRQHandler                     0x0800015f   Thumb Code     0  startup_stm32f10x_hd.o(.text)
    USB_HP_CAN1_TX_IRQHandler                0x0800015f   Thumb Code     0  startup_stm32f10x_hd.o(.text)
    USB_LP_CAN1_RX0_IRQHandler               0x0800015f   Thumb Code     0  startup_stm32f10x_hd.o(.text)
    WWDG_IRQHandler                          0x0800015f   Thumb Code     0  startup_stm32f10x_hd.o(.text)
    memcmp                                   0x08000169   Thumb Code    26  memcmp.o(.text)
    __aeabi_fadd                             0x08000183   Thumb Code   164  fadd.o(.text)
    __aeabi_fsub                             0x08000227   Thumb Code     6  fadd.o(.text)
    __aeabi_frsub                            0x0800022d   Thumb Code     6  fadd.o(.text)
    __aeabi_fmul                             0x08000233   Thumb Code   100  fmul.o(.text)
    __aeabi_fdiv                             0x08000297   Thumb Code   124  fdiv.o(.text)
    __ARM_scalbnf                            0x08000313   Thumb Code    24  fscalb.o(.text)
    scalbnf                                  0x08000313   Thumb Code     0  fscalb.o(.text)
    __aeabi_dadd                             0x0800032b   Thumb Code   322  dadd.o(.text)
    __aeabi_dsub                             0x0800046d   Thumb Code     6  dadd.o(.text)
    __aeabi_drsub                            0x08000473   Thumb Code     6  dadd.o(.text)
    __aeabi_dmul                             0x08000479   Thumb Code   228  dmul.o(.text)
    __aeabi_ddiv                             0x0800055d   Thumb Code   222  ddiv.o(.text)
    __ARM_scalbn                             0x0800063b   Thumb Code    46  dscalb.o(.text)
    scalbn                                   0x0800063b   Thumb Code     0  dscalb.o(.text)
    __aeabi_i2f                              0x08000669   Thumb Code    18  fflti.o(.text)
    __aeabi_f2d                              0x0800067b   Thumb Code    38  f2d.o(.text)
    __aeabi_cdrcmple                         0x080006a1   Thumb Code    48  cdrcmple.o(.text)
    __aeabi_d2f                              0x080006d1   Thumb Code    56  d2f.o(.text)
    __aeabi_cfcmpeq                          0x08000709   Thumb Code     0  cfcmple.o(.text)
    __aeabi_cfcmple                          0x08000709   Thumb Code    20  cfcmple.o(.text)
    __aeabi_uidiv                            0x0800071d   Thumb Code     0  uidiv.o(.text)
    __aeabi_uidivmod                         0x0800071d   Thumb Code    44  uidiv.o(.text)
    __aeabi_uldivmod                         0x08000749   Thumb Code    98  uldiv.o(.text)
    __aeabi_llsl                             0x080007ab   Thumb Code    30  llshl.o(.text)
    _ll_shift_l                              0x080007ab   Thumb Code     0  llshl.o(.text)
    __aeabi_llsr                             0x080007c9   Thumb Code    32  llushr.o(.text)
    _ll_ushift_r                             0x080007c9   Thumb Code     0  llushr.o(.text)
    __aeabi_lasr                             0x080007e9   Thumb Code    36  llsshr.o(.text)
    _ll_sshift_r                             0x080007e9   Thumb Code     0  llsshr.o(.text)
    __I$use$fp                               0x0800080d   Thumb Code     0  iusefp.o(.text)
    _float_round                             0x0800080d   Thumb Code    18  fepilogue.o(.text)
    _float_epilogue                          0x0800081f   Thumb Code    92  fepilogue.o(.text)
    _double_round                            0x0800087b   Thumb Code    30  depilogue.o(.text)
    _double_epilogue                         0x08000899   Thumb Code   156  depilogue.o(.text)
    _dsqrt                                   0x08000935   Thumb Code   162  dsqrt.o(.text)
    __aeabi_d2ulz                            0x080009d7   Thumb Code    48  dfixul.o(.text)
    __scatterload                            0x08000a09   Thumb Code    28  init.o(.text)
    __scatterload_rt2                        0x08000a09   Thumb Code     0  init.o(.text)
    __decompress                             0x08000a2d   Thumb Code     0  __dczerorl2.o(.text)
    __decompress1                            0x08000a2d   Thumb Code    86  __dczerorl2.o(.text)
    BusFault_Handler                         0x08000a83   Thumb Code     2  stm32f10x_it.o(i.BusFault_Handler)
    DebugMon_Handler                         0x08000a85   Thumb Code     2  stm32f10x_it.o(i.DebugMon_Handler)
    EXTI_GetITEnStatus                       0x08000a89   Thumb Code    16  port.o(i.EXTI_GetITEnStatus)
    GPIO_Configuration                       0x08000a9d   Thumb Code   206  port.o(i.GPIO_Configuration)
    GPIO_Init                                0x08000b81   Thumb Code   162  stm32f10x_gpio.o(i.GPIO_Init)
    GPIO_PinRemapConfig                      0x08000c25   Thumb Code    82  stm32f10x_gpio.o(i.GPIO_PinRemapConfig)
    GPIO_ResetBits                           0x08000c7d   Thumb Code     4  stm32f10x_gpio.o(i.GPIO_ResetBits)
    GPIO_SetBits                             0x08000c81   Thumb Code     4  stm32f10x_gpio.o(i.GPIO_SetBits)
    HardFault_Handler                        0x08000c85   Thumb Code     2  stm32f10x_it.o(i.HardFault_Handler)
    I2C_AcknowledgeConfig                    0x08000c87   Thumb Code    20  stm32f10x_i2c.o(i.I2C_AcknowledgeConfig)
    I2C_CheckEvent                           0x08000c9b   Thumb Code    24  stm32f10x_i2c.o(i.I2C_CheckEvent)
    I2C_ClearFlag                            0x08000cb3   Thumb Code     6  stm32f10x_i2c.o(i.I2C_ClearFlag)
    I2C_Cmd                                  0x08000cb9   Thumb Code    20  stm32f10x_i2c.o(i.I2C_Cmd)
    I2C_DeInit                               0x08000ccd   Thumb Code    38  stm32f10x_i2c.o(i.I2C_DeInit)
    I2C_GenerateSTART                        0x08000cf9   Thumb Code    20  stm32f10x_i2c.o(i.I2C_GenerateSTART)
    I2C_GenerateSTOP                         0x08000d0d   Thumb Code    20  stm32f10x_i2c.o(i.I2C_GenerateSTOP)
    I2C_Init                                 0x08000d21   Thumb Code   178  stm32f10x_i2c.o(i.I2C_Init)
    I2C_ReadRegister                         0x08000ddd   Thumb Code    10  stm32f10x_i2c.o(i.I2C_ReadRegister)
    I2C_Send7bitAddress                      0x08000de7   Thumb Code    16  stm32f10x_i2c.o(i.I2C_Send7bitAddress)
    I2C_SendData                             0x08000df7   Thumb Code     4  stm32f10x_i2c.o(i.I2C_SendData)
    I2C_WriteOneByte                         0x08000dfd   Thumb Code   220  lcd_oled.o(i.I2C_WriteOneByte)
    MemManage_Handler                        0x08000f65   Thumb Code     2  stm32f10x_it.o(i.MemManage_Handler)
    NMI_Handler                              0x08000f67   Thumb Code     2  stm32f10x_it.o(i.NMI_Handler)
    OLED_Clear                               0x08000f89   Thumb Code    60  lcd_oled.o(i.OLED_Clear)
    OLED_Init                                0x08000fc5   Thumb Code   114  lcd_oled.o(i.OLED_Init)
    OLED_Set_Pos                             0x08001037   Thumb Code    44  lcd_oled.o(i.OLED_Set_Pos)
    OLED_ShowChar                            0x08001065   Thumb Code    94  lcd_oled.o(i.OLED_ShowChar)
    OLED_ShowString                          0x080010c9   Thumb Code    50  lcd_oled.o(i.OLED_ShowString)
    OLED_WR_Byte                             0x080010fd   Thumb Code    36  lcd_oled.o(i.OLED_WR_Byte)
    PendSV_Handler                           0x08001129   Thumb Code     2  stm32f10x_it.o(i.PendSV_Handler)
    RCC_APB1PeriphClockCmd                   0x0800112d   Thumb Code    18  stm32f10x_rcc.o(i.RCC_APB1PeriphClockCmd)
    RCC_APB1PeriphResetCmd                   0x08001145   Thumb Code    18  stm32f10x_rcc.o(i.RCC_APB1PeriphResetCmd)
    RCC_APB2PeriphClockCmd                   0x0800115d   Thumb Code    18  stm32f10x_rcc.o(i.RCC_APB2PeriphClockCmd)
    RCC_APB2PeriphResetCmd                   0x08001175   Thumb Code    18  stm32f10x_rcc.o(i.RCC_APB2PeriphResetCmd)
    RCC_GetClocksFreq                        0x0800118d   Thumb Code   140  stm32f10x_rcc.o(i.RCC_GetClocksFreq)
    SPI2_Configuration                       0x0800122d   Thumb Code   228  port.o(i.SPI2_Configuration)
    SPI_ChangeRate                           0x08001319   Thumb Code    14  port.o(i.SPI_ChangeRate)
    SPI_Cmd                                  0x0800132d   Thumb Code    20  stm32f10x_spi.o(i.SPI_Cmd)
    SPI_Configuration                        0x08001341   Thumb Code   166  port.o(i.SPI_Configuration)
    SPI_I2S_DeInit                           0x080013f1   Thumb Code    72  stm32f10x_spi.o(i.SPI_I2S_DeInit)
    SPI_I2S_GetFlagStatus                    0x08001445   Thumb Code    14  stm32f10x_spi.o(i.SPI_I2S_GetFlagStatus)
    SPI_Init                                 0x08001453   Thumb Code    56  stm32f10x_spi.o(i.SPI_Init)
    SPI_SSOutputCmd                          0x0800148b   Thumb Code    20  stm32f10x_spi.o(i.SPI_SSOutputCmd)
    STM_EVAL_COMInit                         0x080014a1   Thumb Code   154  stm32_eval.o(i.STM_EVAL_COMInit)
    STM_EVAL_LEDOff                          0x08001545   Thumb Code    16  stm32_eval.o(i.STM_EVAL_LEDOff)
    STM_EVAL_LEDOn                           0x0800155d   Thumb Code    16  stm32_eval.o(i.STM_EVAL_LEDOn)
    SVC_Handler                              0x08001575   Thumb Code     2  stm32f10x_it.o(i.SVC_Handler)
    Semaphore_Init                           0x08001579   Thumb Code    16  main.o(i.Semaphore_Init)
    Sum_Tag_Semaphore_request                0x08001635   Thumb Code     6  main.o(i.Sum_Tag_Semaphore_request)
    SysTick_Configuration                    0x08001641   Thumb Code    64  port.o(i.SysTick_Configuration)
    SysTick_Handler                          0x08001685   Thumb Code    10  stm32f10x_it.o(i.SysTick_Handler)
    SystemInit                               0x08001695   Thumb Code    64  system_stm32f10x.o(i.SystemInit)
    Tag_Measure_Dis                          0x080016e5   Thumb Code   574  main.o(i.Tag_Measure_Dis)
    USART_ClearFlag                          0x08001939   Thumb Code     6  stm32f10x_usart.o(i.USART_ClearFlag)
    USART_Cmd                                0x0800193f   Thumb Code    20  stm32f10x_usart.o(i.USART_Cmd)
    USART_GetFlagStatus                      0x08001953   Thumb Code    14  stm32f10x_usart.o(i.USART_GetFlagStatus)
    USART_Init                               0x08001961   Thumb Code   166  stm32f10x_usart.o(i.USART_Init)
    USART_SendData                           0x08001a0d   Thumb Code     8  stm32f10x_usart.o(i.USART_SendData)
    UsageFault_Handler                       0x08001a15   Thumb Code     2  stm32f10x_it.o(i.UsageFault_Handler)
    __0printf                                0x08001a19   Thumb Code    22  printfa.o(i.__0printf)
    __1printf                                0x08001a19   Thumb Code     0  printfa.o(i.__0printf)
    __2printf                                0x08001a19   Thumb Code     0  printfa.o(i.__0printf)
    __c89printf                              0x08001a19   Thumb Code     0  printfa.o(i.__0printf)
    printf                                   0x08001a19   Thumb Code     0  printfa.o(i.__0printf)
    __0sprintf                               0x08001a39   Thumb Code    34  printfa.o(i.__0sprintf)
    __1sprintf                               0x08001a39   Thumb Code     0  printfa.o(i.__0sprintf)
    __2sprintf                               0x08001a39   Thumb Code     0  printfa.o(i.__0sprintf)
    __c89sprintf                             0x08001a39   Thumb Code     0  printfa.o(i.__0sprintf)
    sprintf                                  0x08001a39   Thumb Code     0  printfa.o(i.__0sprintf)
    __kernel_poly                            0x08001a61   Thumb Code   170  poly.o(i.__kernel_poly)
    __mathlib_dbl_infnan                     0x08001b0b   Thumb Code     6  dunder.o(i.__mathlib_dbl_infnan)
    __mathlib_dbl_invalid                    0x08001b11   Thumb Code    12  dunder.o(i.__mathlib_dbl_invalid)
    __scatterload_copy                       0x08001b1d   Thumb Code    14  handlers.o(i.__scatterload_copy)
    __scatterload_null                       0x08001b2b   Thumb Code     2  handlers.o(i.__scatterload_null)
    __scatterload_zeroinit                   0x08001b2d   Thumb Code    14  handlers.o(i.__scatterload_zeroinit)
    __set_errno                              0x08001b3d   Thumb Code     6  errno.o(i.__set_errno)
    _dwt_configlde                           0x08001b49   Thumb Code    48  deca_device.o(i._dwt_configlde)
    _dwt_enableclocks                        0x08001b79   Thumb Code   194  deca_device.o(i._dwt_enableclocks)
    _dwt_loaducodefromrom                    0x08001c3b   Thumb Code    52  deca_device.o(i._dwt_loaducodefromrom)
    _dwt_otpread                             0x08001c6f   Thumb Code    70  deca_device.o(i._dwt_otpread)
    acos                                     0x08002571   Thumb Code   574  acos.o(i.acos)
    deca_sleep                               0x080029cd   Thumb Code    24  deca_sleep.o(i.deca_sleep)
    decamutexoff                             0x080029e5   Thumb Code    18  deca_mutex.o(i.decamutexoff)
    decamutexon                              0x080029f7   Thumb Code    26  deca_mutex.o(i.decamutexon)
    dwt_configure                            0x08002b35   Thumb Code   490  deca_device.o(i.dwt_configure)
    dwt_entersleepaftertx                    0x08002d4d   Thumb Code    36  deca_device.o(i.dwt_entersleepaftertx)
    dwt_forcetrxoff                          0x08002d71   Thumb Code    86  deca_device.o(i.dwt_forcetrxoff)
    dwt_initialise                           0x08002dd1   Thumb Code   208  deca_device.o(i.dwt_initialise)
    dwt_read16bitoffsetreg                   0x08002ea9   Thumb Code    38  deca_device.o(i.dwt_read16bitoffsetreg)
    dwt_read32bitoffsetreg                   0x08002ecf   Thumb Code    38  deca_device.o(i.dwt_read32bitoffsetreg)
    dwt_readdevid                            0x08002ef5   Thumb Code     8  deca_device.o(i.dwt_readdevid)
    dwt_readfromdevice                       0x08002efd   Thumb Code    58  deca_device.o(i.dwt_readfromdevice)
    dwt_readrxdata                           0x08002f37   Thumb Code    18  deca_device.o(i.dwt_readrxdata)
    dwt_readrxtimestamp                      0x08002f49   Thumb Code    12  deca_device.o(i.dwt_readrxtimestamp)
    dwt_readtxtimestamp                      0x08002f55   Thumb Code    12  deca_device.o(i.dwt_readtxtimestamp)
    dwt_rxenable                             0x08002f61   Thumb Code    80  deca_device.o(i.dwt_rxenable)
    dwt_setdelayedtrxtime                    0x08002fb1   Thumb Code    10  deca_device.o(i.dwt_setdelayedtrxtime)
    dwt_setleds                              0x08002fbb   Thumb Code   184  deca_device.o(i.dwt_setleds)
    dwt_setrxaftertxdelay                    0x08003073   Thumb Code    34  deca_device.o(i.dwt_setrxaftertxdelay)
    dwt_setrxantennadelay                    0x08003095   Thumb Code    12  deca_device.o(i.dwt_setrxantennadelay)
    dwt_setrxtimeout                         0x080030a1   Thumb Code    84  deca_device.o(i.dwt_setrxtimeout)
    dwt_settxantennadelay                    0x080030f9   Thumb Code    10  deca_device.o(i.dwt_settxantennadelay)
    dwt_starttx                              0x08003105   Thumb Code   142  deca_device.o(i.dwt_starttx)
    dwt_syncrxbufptrs                        0x08003199   Thumb Code    52  deca_device.o(i.dwt_syncrxbufptrs)
    dwt_write16bitoffsetreg                  0x080031cd   Thumb Code    26  deca_device.o(i.dwt_write16bitoffsetreg)
    dwt_write32bitoffsetreg                  0x080031e7   Thumb Code    30  deca_device.o(i.dwt_write32bitoffsetreg)
    dwt_writetodevice                        0x08003205   Thumb Code    62  deca_device.o(i.dwt_writetodevice)
    dwt_writetxdata                          0x08003243   Thumb Code    34  deca_device.o(i.dwt_writetxdata)
    dwt_writetxfctrl                         0x08003265   Thumb Code    24  deca_device.o(i.dwt_writetxfctrl)
    dwt_xtaltrim                             0x08003281   Thumb Code    48  deca_device.o(i.dwt_xtaltrim)
    filter                                   0x080032b1   Thumb Code    84  main.o(i.filter)
    fputc                                    0x08003321   Thumb Code    38  main.o(i.fputc)
    main                                     0x0800334d   Thumb Code   844  main.o(i.main)
    peripherals_init                         0x08003731   Thumb Code    88  port.o(i.peripherals_init)
    portGetTickCnt                           0x0800378d   Thumb Code     6  port.o(i.portGetTickCnt)
    readfromspi_serial                       0x08003799   Thumb Code   114  deca_spi.o(i.readfromspi_serial)
    reset_DW1000                             0x08003815   Thumb Code    70  port.o(i.reset_DW1000)
    spi_set_rate_high                        0x08003861   Thumb Code     6  port.o(i.spi_set_rate_high)
    spi_set_rate_low                         0x08003867   Thumb Code     6  port.o(i.spi_set_rate_low)
    sqrt                                     0x0800386d   Thumb Code    76  sqrt.o(i.sqrt)
    usartinit                                0x080038b9   Thumb Code    42  port.o(i.usartinit)
    writetospi_serial                        0x080038e5   Thumb Code    90  deca_spi.o(i.writetospi_serial)
    COM_TX_PIN                               0x08003948   Data           4  stm32_eval.o(.constdata)
    COM_RX_PIN                               0x0800394c   Data           4  stm32_eval.o(.constdata)
    GPIO_PIN                                 0x08003950   Data           8  stm32_eval.o(.constdata)
    COM_USART_CLK                            0x08003958   Data           8  stm32_eval.o(.constdata)
    COM_TX_PORT_CLK                          0x08003960   Data           8  stm32_eval.o(.constdata)
    COM_RX_PORT_CLK                          0x08003968   Data           8  stm32_eval.o(.constdata)
    GPIO_CLK                                 0x08003970   Data          16  stm32_eval.o(.constdata)
    BUTTON_PIN                               0x08003980   Data          16  stm32_eval.o(.constdata)
    BUTTON_CLK                               0x08003990   Data          32  stm32_eval.o(.constdata)
    BUTTON_EXTI_LINE                         0x080039b0   Data          16  stm32_eval.o(.constdata)
    BUTTON_PORT_SOURCE                       0x080039c0   Data          16  stm32_eval.o(.constdata)
    BUTTON_PIN_SOURCE                        0x080039d0   Data          16  stm32_eval.o(.constdata)
    BUTTON_IRQn                              0x080039e0   Data          16  stm32_eval.o(.constdata)
    F8X16                                    0x080039f0   Data        1520  lcd_oled.o(.constdata)
    chan_idx                                 0x08003fe0   Data           8  deca_params_init.o(.constdata)
    tx_config                                0x08003fe8   Data          24  deca_params_init.o(.constdata)
    pll2_config                              0x08004000   Data          30  deca_params_init.o(.constdata)
    rx_config                                0x0800401e   Data           2  deca_params_init.o(.constdata)
    agc_config                               0x08004020   Data           8  deca_params_init.o(.constdata)
    dwnsSFDlen                               0x08004028   Data           3  deca_params_init.o(.constdata)
    sftsh                                    0x0800402c   Data          12  deca_params_init.o(.constdata)
    dtune1                                   0x08004038   Data           4  deca_params_init.o(.constdata)
    digital_bb_config                        0x0800403c   Data          32  deca_params_init.o(.constdata)
    lde_replicaCoeff                         0x0800405c   Data          50  deca_params_init.o(.constdata)
    Region$$Table$$Base                      0x080040e0   Number         0  anon$$obj.o(Region$$Table)
    Region$$Table$$Limit                     0x08004100   Number         0  anon$$obj.o(Region$$Table)
    time32_incr                              0x20000000   Data           4  stm32f10x_it.o(.data)
    Semaphore                                0x20000009   Data           2  main.o(.data)
    SystemCoreClock                          0x200000f4   Data           4  system_stm32f10x.o(.data)
    AHBPrescTable                            0x200000f8   Data          16  system_stm32f10x.o(.data)
    COM_USART                                0x20000108   Data           8  stm32_eval.o(.data)
    COM_TX_PORT                              0x20000110   Data           8  stm32_eval.o(.data)
    COM_RX_PORT                              0x20000118   Data           8  stm32_eval.o(.data)
    GPIO_PORT                                0x20000120   Data          16  stm32_eval.o(.data)
    BUTTON_PORT                              0x20000130   Data          32  stm32_eval.o(.data)
    IIc_flag                                 0x20000150   Data           4  lcd_oled.o(.data)
    Hzk                                      0x20000154   Data         448  lcd_oled.o(.data)
    __stdout                                 0x20000314   Data           4  stdout.o(.data)
    dist_str                                 0x20000320   Data          16  main.o(.bss)
    Value_Buf                                0x20000330   Data         100  main.o(.bss)
    filter_index                             0x20000394   Data          20  main.o(.bss)
    AnchorList                               0x200003c0   Data          72  main.o(.bss)
    Anthordistance                           0x20000408   Data          12  main.o(.bss)
    Anthordistance_count                     0x20000414   Data          12  main.o(.bss)
    I2C_InitStructure                        0x20000420   Data          16  port.o(.bss)
    __initial_sp                             0x20000a70   Data           0  startup_stm32f10x_hd.o(STACK)



==============================================================================

Memory Map of the image

  Image Entry point : 0x08000131

  Load Region LR_IROM1 (Base: 0x08000000, Size: 0x0000441c, Max: 0x00010000, ABSOLUTE, COMPRESSED[0x00004228])

    Execution Region ER_IROM1 (Base: 0x08000000, Size: 0x00004100, Max: 0x00010000, ABSOLUTE)

    Base Addr    Size         Type   Attr      Idx    E Section Name        Object

    0x08000000   0x00000130   Data   RO         4327    RESET               startup_stm32f10x_hd.o
    0x08000130   0x00000000   Code   RO         5582  * .ARM.Collect$$$$00000000  mc_w.l(entry.o)
    0x08000130   0x00000004   Code   RO         5915    .ARM.Collect$$$$00000001  mc_w.l(entry2.o)
    0x08000134   0x00000004   Code   RO         5918    .ARM.Collect$$$$00000004  mc_w.l(entry5.o)
    0x08000138   0x00000000   Code   RO         5920    .ARM.Collect$$$$00000008  mc_w.l(entry7b.o)
    0x08000138   0x00000000   Code   RO         5922    .ARM.Collect$$$$0000000A  mc_w.l(entry8b.o)
    0x08000138   0x00000008   Code   RO         5923    .ARM.Collect$$$$0000000B  mc_w.l(entry9a.o)
    0x08000140   0x00000000   Code   RO         5925    .ARM.Collect$$$$0000000D  mc_w.l(entry10a.o)
    0x08000140   0x00000000   Code   RO         5927    .ARM.Collect$$$$0000000F  mc_w.l(entry11a.o)
    0x08000140   0x00000004   Code   RO         5916    .ARM.Collect$$$$00002712  mc_w.l(entry2.o)
    0x08000144   0x00000024   Code   RO         4328    .text               startup_stm32f10x_hd.o
    0x08000168   0x0000001a   Code   RO         5595    .text               mc_w.l(memcmp.o)
    0x08000182   0x000000b0   Code   RO         5860    .text               mf_w.l(fadd.o)
    0x08000232   0x00000064   Code   RO         5862    .text               mf_w.l(fmul.o)
    0x08000296   0x0000007c   Code   RO         5864    .text               mf_w.l(fdiv.o)
    0x08000312   0x00000018   Code   RO         5866    .text               mf_w.l(fscalb.o)
    0x0800032a   0x0000014e   Code   RO         5868    .text               mf_w.l(dadd.o)
    0x08000478   0x000000e4   Code   RO         5870    .text               mf_w.l(dmul.o)
    0x0800055c   0x000000de   Code   RO         5872    .text               mf_w.l(ddiv.o)
    0x0800063a   0x0000002e   Code   RO         5874    .text               mf_w.l(dscalb.o)
    0x08000668   0x00000012   Code   RO         5876    .text               mf_w.l(fflti.o)
    0x0800067a   0x00000026   Code   RO         5884    .text               mf_w.l(f2d.o)
    0x080006a0   0x00000030   Code   RO         5888    .text               mf_w.l(cdrcmple.o)
    0x080006d0   0x00000038   Code   RO         5890    .text               mf_w.l(d2f.o)
    0x08000708   0x00000014   Code   RO         5892    .text               mf_w.l(cfcmple.o)
    0x0800071c   0x0000002c   Code   RO         5930    .text               mc_w.l(uidiv.o)
    0x08000748   0x00000062   Code   RO         5932    .text               mc_w.l(uldiv.o)
    0x080007aa   0x0000001e   Code   RO         5934    .text               mc_w.l(llshl.o)
    0x080007c8   0x00000020   Code   RO         5936    .text               mc_w.l(llushr.o)
    0x080007e8   0x00000024   Code   RO         5938    .text               mc_w.l(llsshr.o)
    0x0800080c   0x00000000   Code   RO         5947    .text               mc_w.l(iusefp.o)
    0x0800080c   0x0000006e   Code   RO         5948    .text               mf_w.l(fepilogue.o)
    0x0800087a   0x000000ba   Code   RO         5950    .text               mf_w.l(depilogue.o)
    0x08000934   0x000000a2   Code   RO         5952    .text               mf_w.l(dsqrt.o)
    0x080009d6   0x00000030   Code   RO         5954    .text               mf_w.l(dfixul.o)
    0x08000a06   0x00000002   PAD
    0x08000a08   0x00000024   Code   RO         5956    .text               mc_w.l(init.o)
    0x08000a2c   0x00000056   Code   RO         5966    .text               mc_w.l(__dczerorl2.o)
    0x08000a82   0x00000002   Code   RO            1    i.BusFault_Handler  stm32f10x_it.o
    0x08000a84   0x00000002   Code   RO            2    i.DebugMon_Handler  stm32f10x_it.o
    0x08000a86   0x00000002   PAD
    0x08000a88   0x00000014   Code   RO         4442    i.EXTI_GetITEnStatus  port.o
    0x08000a9c   0x000000e4   Code   RO         4443    i.GPIO_Configuration  port.o
    0x08000b80   0x000000a2   Code   RO          576    i.GPIO_Init         stm32f10x_gpio.o
    0x08000c22   0x00000002   PAD
    0x08000c24   0x00000058   Code   RO          578    i.GPIO_PinRemapConfig  stm32f10x_gpio.o
    0x08000c7c   0x00000004   Code   RO          583    i.GPIO_ResetBits    stm32f10x_gpio.o
    0x08000c80   0x00000004   Code   RO          584    i.GPIO_SetBits      stm32f10x_gpio.o
    0x08000c84   0x00000002   Code   RO            3    i.HardFault_Handler  stm32f10x_it.o
    0x08000c86   0x00000014   Code   RO         1504    i.I2C_AcknowledgeConfig  stm32f10x_i2c.o
    0x08000c9a   0x00000018   Code   RO         1506    i.I2C_CheckEvent    stm32f10x_i2c.o
    0x08000cb2   0x00000006   Code   RO         1507    i.I2C_ClearFlag     stm32f10x_i2c.o
    0x08000cb8   0x00000014   Code   RO         1509    i.I2C_Cmd           stm32f10x_i2c.o
    0x08000ccc   0x0000002c   Code   RO         1512    i.I2C_DeInit        stm32f10x_i2c.o
    0x08000cf8   0x00000014   Code   RO         1516    i.I2C_GenerateSTART  stm32f10x_i2c.o
    0x08000d0c   0x00000014   Code   RO         1517    i.I2C_GenerateSTOP  stm32f10x_i2c.o
    0x08000d20   0x000000bc   Code   RO         1523    i.I2C_Init          stm32f10x_i2c.o
    0x08000ddc   0x0000000a   Code   RO         1527    i.I2C_ReadRegister  stm32f10x_i2c.o
    0x08000de6   0x00000010   Code   RO         1530    i.I2C_Send7bitAddress  stm32f10x_i2c.o
    0x08000df6   0x00000004   Code   RO         1531    i.I2C_SendData      stm32f10x_i2c.o
    0x08000dfa   0x00000002   PAD
    0x08000dfc   0x000000ec   Code   RO         4633    i.I2C_WriteOneByte  lcd_oled.o
    0x08000ee8   0x0000007c   Code   RO         4444    i.MX_I2C1_Init      port.o
    0x08000f64   0x00000002   Code   RO            4    i.MemManage_Handler  stm32f10x_it.o
    0x08000f66   0x00000002   Code   RO            5    i.NMI_Handler       stm32f10x_it.o
    0x08000f68   0x00000020   Code   RO         4447    i.NVIC_SetPriority  port.o
    0x08000f88   0x0000003c   Code   RO         4634    i.OLED_Clear        lcd_oled.o
    0x08000fc4   0x00000072   Code   RO         4638    i.OLED_Init         lcd_oled.o
    0x08001036   0x0000002c   Code   RO         4639    i.OLED_Set_Pos      lcd_oled.o
    0x08001062   0x00000002   PAD
    0x08001064   0x00000064   Code   RO         4641    i.OLED_ShowChar     lcd_oled.o
    0x080010c8   0x00000032   Code   RO         4643    i.OLED_ShowString   lcd_oled.o
    0x080010fa   0x00000002   PAD
    0x080010fc   0x0000002c   Code   RO         4644    i.OLED_WR_Byte      lcd_oled.o
    0x08001128   0x00000002   Code   RO            6    i.PendSV_Handler    stm32f10x_it.o
    0x0800112a   0x00000002   PAD
    0x0800112c   0x00000018   Code   RO          303    i.RCC_APB1PeriphClockCmd  stm32f10x_rcc.o
    0x08001144   0x00000018   Code   RO          304    i.RCC_APB1PeriphResetCmd  stm32f10x_rcc.o
    0x0800115c   0x00000018   Code   RO          305    i.RCC_APB2PeriphClockCmd  stm32f10x_rcc.o
    0x08001174   0x00000018   Code   RO          306    i.RCC_APB2PeriphResetCmd  stm32f10x_rcc.o
    0x0800118c   0x000000a0   Code   RO          313    i.RCC_GetClocksFreq  stm32f10x_rcc.o
    0x0800122c   0x000000ec   Code   RO         4451    i.SPI2_Configuration  port.o
    0x08001318   0x00000014   Code   RO         4452    i.SPI_ChangeRate    port.o
    0x0800132c   0x00000014   Code   RO          791    i.SPI_Cmd           stm32f10x_spi.o
    0x08001340   0x000000b0   Code   RO         4454    i.SPI_Configuration  port.o
    0x080013f0   0x00000054   Code   RO          798    i.SPI_I2S_DeInit    stm32f10x_spi.o
    0x08001444   0x0000000e   Code   RO          799    i.SPI_I2S_GetFlagStatus  stm32f10x_spi.o
    0x08001452   0x00000038   Code   RO          804    i.SPI_Init          stm32f10x_spi.o
    0x0800148a   0x00000014   Code   RO          806    i.SPI_SSOutputCmd   stm32f10x_spi.o
    0x0800149e   0x00000002   PAD
    0x080014a0   0x000000a4   Code   RO         3414    i.STM_EVAL_COMInit  stm32_eval.o
    0x08001544   0x00000018   Code   RO         3416    i.STM_EVAL_LEDOff   stm32_eval.o
    0x0800155c   0x00000018   Code   RO         3417    i.STM_EVAL_LEDOn    stm32_eval.o
    0x08001574   0x00000002   Code   RO            7    i.SVC_Handler       stm32f10x_it.o
    0x08001576   0x00000002   PAD
    0x08001578   0x00000014   Code   RO          156    i.Semaphore_Init    main.o
    0x0800158c   0x000000a8   Code   RO         3378    i.SetSysClockTo72   system_stm32f10x.o
    0x08001634   0x0000000c   Code   RO          157    i.Sum_Tag_Semaphore_request  main.o
    0x08001640   0x00000044   Code   RO         4455    i.SysTick_Configuration  port.o
    0x08001684   0x00000010   Code   RO            8    i.SysTick_Handler   stm32f10x_it.o
    0x08001694   0x00000050   Code   RO         3380    i.SystemInit        system_stm32f10x.o
    0x080016e4   0x00000254   Code   RO          158    i.Tag_Measure_Dis   main.o
    0x08001938   0x00000006   Code   RO         1056    i.USART_ClearFlag   stm32f10x_usart.o
    0x0800193e   0x00000014   Code   RO         1060    i.USART_Cmd         stm32f10x_usart.o
    0x08001952   0x0000000e   Code   RO         1063    i.USART_GetFlagStatus  stm32f10x_usart.o
    0x08001960   0x000000ac   Code   RO         1067    i.USART_Init        stm32f10x_usart.o
    0x08001a0c   0x00000008   Code   RO         1077    i.USART_SendData    stm32f10x_usart.o
    0x08001a14   0x00000002   Code   RO            9    i.UsageFault_Handler  stm32f10x_it.o
    0x08001a16   0x00000002   PAD
    0x08001a18   0x00000020   Code   RO         5832    i.__0printf         mc_w.l(printfa.o)
    0x08001a38   0x00000028   Code   RO         5834    i.__0sprintf        mc_w.l(printfa.o)
    0x08001a60   0x000000aa   Code   RO         5912    i.__kernel_poly     m_ws.l(poly.o)
    0x08001b0a   0x00000006   Code   RO         5897    i.__mathlib_dbl_infnan  m_ws.l(dunder.o)
    0x08001b10   0x0000000c   Code   RO         5899    i.__mathlib_dbl_invalid  m_ws.l(dunder.o)
    0x08001b1c   0x0000000e   Code   RO         5960    i.__scatterload_copy  mc_w.l(handlers.o)
    0x08001b2a   0x00000002   Code   RO         5961    i.__scatterload_null  mc_w.l(handlers.o)
    0x08001b2c   0x0000000e   Code   RO         5962    i.__scatterload_zeroinit  mc_w.l(handlers.o)
    0x08001b3a   0x00000002   PAD
    0x08001b3c   0x0000000c   Code   RO         5942    i.__set_errno       mc_w.l(errno.o)
    0x08001b48   0x00000030   Code   RO         4738    i._dwt_configlde    deca_device.o
    0x08001b78   0x000000c2   Code   RO         4740    i._dwt_enableclocks  deca_device.o
    0x08001c3a   0x00000034   Code   RO         4741    i._dwt_loaducodefromrom  deca_device.o
    0x08001c6e   0x00000046   Code   RO         4743    i._dwt_otpread      deca_device.o
    0x08001cb4   0x00000184   Code   RO         5839    i._fp_digits        mc_w.l(printfa.o)
    0x08001e38   0x000006dc   Code   RO         5840    i._printf_core      mc_w.l(printfa.o)
    0x08002514   0x00000024   Code   RO         5841    i._printf_post_padding  mc_w.l(printfa.o)
    0x08002538   0x0000002e   Code   RO         5842    i._printf_pre_padding  mc_w.l(printfa.o)
    0x08002566   0x0000000a   Code   RO         5844    i._sputc            mc_w.l(printfa.o)
    0x08002570   0x0000027c   Code   RO         5555    i.acos              m_ws.l(acos.o)
    0x080027ec   0x000001e0   Code   RO          159    i.compute_angle_send_to_anthor0  main.o
    0x080029cc   0x00000018   Code   RO         4360    i.deca_sleep        deca_sleep.o
    0x080029e4   0x00000012   Code   RO         4332    i.decamutexoff      deca_mutex.o
    0x080029f6   0x0000001a   Code   RO         4333    i.decamutexon       deca_mutex.o
    0x08002a10   0x00000124   Code   RO          160    i.distance_mange    main.o
    0x08002b34   0x00000218   Code   RO         4751    i.dwt_configure     deca_device.o
    0x08002d4c   0x00000024   Code   RO         4758    i.dwt_entersleepaftertx  deca_device.o
    0x08002d70   0x00000060   Code   RO         4759    i.dwt_forcetrxoff   deca_device.o
    0x08002dd0   0x000000d8   Code   RO         4763    i.dwt_initialise    deca_device.o
    0x08002ea8   0x00000026   Code   RO         4769    i.dwt_read16bitoffsetreg  deca_device.o
    0x08002ece   0x00000026   Code   RO         4770    i.dwt_read32bitoffsetreg  deca_device.o
    0x08002ef4   0x00000008   Code   RO         4772    i.dwt_readdevid     deca_device.o
    0x08002efc   0x0000003a   Code   RO         4775    i.dwt_readfromdevice  deca_device.o
    0x08002f36   0x00000012   Code   RO         4776    i.dwt_readrxdata    deca_device.o
    0x08002f48   0x0000000c   Code   RO         4777    i.dwt_readrxtimestamp  deca_device.o
    0x08002f54   0x0000000c   Code   RO         4783    i.dwt_readtxtimestamp  deca_device.o
    0x08002f60   0x00000050   Code   RO         4788    i.dwt_rxenable      deca_device.o
    0x08002fb0   0x0000000a   Code   RO         4797    i.dwt_setdelayedtrxtime  deca_device.o
    0x08002fba   0x000000b8   Code   RO         4800    i.dwt_setleds       deca_device.o
    0x08003072   0x00000022   Code   RO         4803    i.dwt_setrxaftertxdelay  deca_device.o
    0x08003094   0x0000000c   Code   RO         4804    i.dwt_setrxantennadelay  deca_device.o
    0x080030a0   0x00000058   Code   RO         4806    i.dwt_setrxtimeout  deca_device.o
    0x080030f8   0x0000000a   Code   RO         4808    i.dwt_settxantennadelay  deca_device.o
    0x08003102   0x00000002   PAD
    0x08003104   0x00000094   Code   RO         4811    i.dwt_starttx       deca_device.o
    0x08003198   0x00000034   Code   RO         4812    i.dwt_syncrxbufptrs  deca_device.o
    0x080031cc   0x0000001a   Code   RO         4813    i.dwt_write16bitoffsetreg  deca_device.o
    0x080031e6   0x0000001e   Code   RO         4814    i.dwt_write32bitoffsetreg  deca_device.o
    0x08003204   0x0000003e   Code   RO         4815    i.dwt_writetodevice  deca_device.o
    0x08003242   0x00000022   Code   RO         4816    i.dwt_writetxdata   deca_device.o
    0x08003264   0x0000001c   Code   RO         4817    i.dwt_writetxfctrl  deca_device.o
    0x08003280   0x00000030   Code   RO         4818    i.dwt_xtaltrim      deca_device.o
    0x080032b0   0x00000058   Code   RO          162    i.filter            main.o
    0x08003308   0x00000016   Code   RO          163    i.final_msg_set_ts  main.o
    0x0800331e   0x00000002   PAD
    0x08003320   0x0000002c   Code   RO          164    i.fputc             main.o
    0x0800334c   0x000003e4   Code   RO          165    i.main              main.o
    0x08003730   0x0000005c   Code   RO         4463    i.peripherals_init  port.o
    0x0800378c   0x0000000c   Code   RO         4464    i.portGetTickCnt    port.o
    0x08003798   0x0000007c   Code   RO         4377    i.readfromspi_serial  deca_spi.o
    0x08003814   0x0000004c   Code   RO         4465    i.reset_DW1000      port.o
    0x08003860   0x00000006   Code   RO         4467    i.spi_set_rate_high  port.o
    0x08003866   0x00000006   Code   RO         4468    i.spi_set_rate_low  port.o
    0x0800386c   0x0000004c   Code   RO         5575    i.sqrt              m_ws.l(sqrt.o)
    0x080038b8   0x0000002a   Code   RO         4469    i.usartinit         port.o
    0x080038e2   0x00000002   PAD
    0x080038e4   0x00000064   Code   RO         4378    i.writetospi_serial  deca_spi.o
    0x08003948   0x000000a8   Data   RO         3423    .constdata          stm32_eval.o
    0x080039f0   0x000005f0   Data   RO         4647    .constdata          lcd_oled.o
    0x08003fe0   0x00000008   Data   RO         5242    .constdata          deca_params_init.o
    0x08003fe8   0x00000018   Data   RO         5243    .constdata          deca_params_init.o
    0x08004000   0x0000001e   Data   RO         5244    .constdata          deca_params_init.o
    0x0800401e   0x00000002   Data   RO         5245    .constdata          deca_params_init.o
    0x08004020   0x00000008   Data   RO         5246    .constdata          deca_params_init.o
    0x08004028   0x00000003   Data   RO         5247    .constdata          deca_params_init.o
    0x0800402b   0x00000001   PAD
    0x0800402c   0x0000000c   Data   RO         5248    .constdata          deca_params_init.o
    0x08004038   0x00000004   Data   RO         5249    .constdata          deca_params_init.o
    0x0800403c   0x00000020   Data   RO         5250    .constdata          deca_params_init.o
    0x0800405c   0x00000032   Data   RO         5251    .constdata          deca_params_init.o
    0x0800408e   0x00000002   PAD
    0x08004090   0x00000050   Data   RO         5556    .constdata          m_ws.l(acos.o)
    0x080040e0   0x00000020   Data   RO         5958    Region$$Table       anon$$obj.o


    Execution Region RW_IRAM1 (Base: 0x20000000, Size: 0x00000a70, Max: 0x00005000, ABSOLUTE, COMPRESSED[0x00000128])

    Base Addr    Size         Type   Attr      Idx    E Section Name        Object

    0x20000000   0x00000004   Data   RW           10    .data               stm32f10x_it.o
    0x20000004   0x00000004   PAD
    0x20000008   0x000000d5   Data   RW          168    .data               main.o
    0x200000dd   0x00000014   Data   RW          333    .data               stm32f10x_rcc.o
    0x200000f1   0x00000003   PAD
    0x200000f4   0x00000014   Data   RW         3381    .data               system_stm32f10x.o
    0x20000108   0x00000048   Data   RW         3424    .data               stm32_eval.o
    0x20000150   0x000001c4   Data   RW         4648    .data               lcd_oled.o
    0x20000314   0x00000004   Data   RW         5929    .data               mc_w.l(stdout.o)
    0x20000318   0x00000004   Data   RW         5943    .data               mc_w.l(errno.o)
    0x2000031c   0x00000004   PAD
    0x20000320   0x00000100   Zero   RW          166    .bss                main.o
    0x20000420   0x00000010   Zero   RW         4470    .bss                port.o
    0x20000430   0x0000003c   Zero   RW         4819    .bss                deca_device.o
    0x2000046c   0x00000004   PAD
    0x20000470   0x00000600   Zero   RW         4325    STACK               startup_stm32f10x_hd.o


==============================================================================

Image component sizes


      Code (inc. data)   RO Data    RW Data    ZI Data      Debug   Object Name

         0          0          0          0          0         32   core_cm3.o
      2278         92          0          0         60      27360   deca_device.o
        44          0          0          0          0      19944   deca_mutex.o
         0          0        173          0          0       2085   deca_params_init.o
        24          0          0          0          0        645   deca_sleep.o
       224         20          0          0          0       6157   deca_spi.o
       648         30       1520        452          0       6857   lcd_oled.o
      2550        402          0        213        256     218089   main.o
      1138         88          0          0         16      25647   port.o
        36          8        304          0       1536        996   startup_stm32f10x_hd.o
       212         26        168         72          0       8022   stm32_eval.o
       258          6          0          0          0      22050   stm32f10x_gpio.o
       372         16          0          0          0      18314   stm32f10x_i2c.o
        32          6          0          4          0      39520   stm32f10x_it.o
       256         44          0         20          0      15724   stm32f10x_rcc.o
       194         12          0          0          0      12100   stm32f10x_spi.o
       220          6          0          0          0      11886   stm32f10x_usart.o
       248         24          0         20          0       2213   system_stm32f10x.o

    ----------------------------------------------------------------------
      8758        780       2200        788       1872     437641   Object Totals
         0          0         32          0          0          0   (incl. Generated)
        24          0          3          7          4          0   (incl. Padding)

    ----------------------------------------------------------------------

      Code (inc. data)   RO Data    RW Data    ZI Data      Debug   Library Member Name

       636         62         80          0          0        188   acos.o
        18          0          0          0          0        136   dunder.o
       170          0          0          0          0         96   poly.o
        76          0          0          0          0         84   sqrt.o
        86          0          0          0          0          0   __dczerorl2.o
         0          0          0          0          0          0   entry.o
         0          0          0          0          0          0   entry10a.o
         0          0          0          0          0          0   entry11a.o
         8          4          0          0          0          0   entry2.o
         4          0          0          0          0          0   entry5.o
         0          0          0          0          0          0   entry7b.o
         0          0          0          0          0          0   entry8b.o
         8          4          0          0          0          0   entry9a.o
        12          6          0          4          0         68   errno.o
        30          0          0          0          0          0   handlers.o
        36          8          0          0          0         68   init.o
         0          0          0          0          0          0   iusefp.o
        30          0          0          0          0         68   llshl.o
        36          0          0          0          0         68   llsshr.o
        32          0          0          0          0         68   llushr.o
        26          0          0          0          0         80   memcmp.o
      2308         96          0          0          0        604   printfa.o
         0          0          0          4          0          0   stdout.o
        44          0          0          0          0         80   uidiv.o
        98          0          0          0          0         92   uldiv.o
        48          0          0          0          0         68   cdrcmple.o
        20          0          0          0          0         68   cfcmple.o
        56          0          0          0          0         88   d2f.o
       334          0          0          0          0        148   dadd.o
       222          0          0          0          0        100   ddiv.o
       186          0          0          0          0        176   depilogue.o
        48          0          0          0          0         68   dfixul.o
       228          0          0          0          0         96   dmul.o
        46          0          0          0          0         80   dscalb.o
       162          0          0          0          0        100   dsqrt.o
        38          0          0          0          0         68   f2d.o
       176          0          0          0          0        140   fadd.o
       124          0          0          0          0         88   fdiv.o
       110          0          0          0          0        168   fepilogue.o
        18          0          0          0          0         68   fflti.o
       100          0          0          0          0         76   fmul.o
        24          0          0          0          0         68   fscalb.o

    ----------------------------------------------------------------------
      5602        180         80          8          4       3368   Library Totals
         4          0          0          0          4          0   (incl. Padding)

    ----------------------------------------------------------------------

      Code (inc. data)   RO Data    RW Data    ZI Data      Debug   Library Name

       900         62         80          0          0        504   m_ws.l
      2758        118          0          8          0       1196   mc_w.l
      1940          0          0          0          0       1668   mf_w.l

    ----------------------------------------------------------------------
      5602        180         80          8          4       3368   Library Totals

    ----------------------------------------------------------------------

==============================================================================


      Code (inc. data)   RO Data    RW Data    ZI Data      Debug   

     14360        960       2280        796       1876     434013   Grand Totals
     14360        960       2280        296       1876     434013   ELF Image Totals (compressed)
     14360        960       2280        296          0          0   ROM Totals

==============================================================================

    Total RO  Size (Code + RO Data)                16640 (  16.25kB)
    Total RW  Size (RW Data + ZI Data)              2672 (   2.61kB)
    Total ROM Size (Code + RO Data + RW Data)      16936 (  16.54kB)

==============================================================================

